Linked: (/home/xiaogu/myproject/rosNavigation_ws/devel/.private/plan_env_msgs/share/roseus/ros/plan_env_msgs/manifest.l, /home/xiaogu/myproject/rosNavigation_ws/devel/share/roseus/ros/plan_env_msgs/manifest.l)
Linked: (/home/xiaogu/myproject/rosNavigation_ws/devel/.private/plan_env_msgs/share/roseus/ros/plan_env_msgs/msg/ChunkData.l, /home/xiaogu/myproject/rosNavigation_ws/devel/share/roseus/ros/plan_env_msgs/msg/ChunkData.l)
Linked: (/home/xiaogu/myproject/rosNavigation_ws/devel/.private/plan_env_msgs/share/roseus/ros/plan_env_msgs/msg/ChunkStamps.l, /home/xiaogu/myproject/rosNavigation_ws/devel/share/roseus/ros/plan_env_msgs/msg/ChunkStamps.l)
Linked: (/home/xiaogu/myproject/rosNavigation_ws/devel/.private/plan_env_msgs/share/roseus/ros/plan_env_msgs/msg/IdxList.l, /home/xiaogu/myproject/rosNavigation_ws/devel/share/roseus/ros/plan_env_msgs/msg/IdxList.l)
Linked: (/home/xiaogu/myproject/rosNavigation_ws/devel/.private/plan_env_msgs/share/common-lisp/ros/plan_env_msgs/msg/plan_env_msgs-msg.asd, /home/xiaogu/myproject/rosNavigation_ws/devel/share/common-lisp/ros/plan_env_msgs/msg/plan_env_msgs-msg.asd)
Linked: (/home/xiaogu/myproject/rosNavigation_ws/devel/.private/plan_env_msgs/share/common-lisp/ros/plan_env_msgs/msg/IdxList.lisp, /home/xiaogu/myproject/rosNavigation_ws/devel/share/common-lisp/ros/plan_env_msgs/msg/IdxList.lisp)
Linked: (/home/xiaogu/myproject/rosNavigation_ws/devel/.private/plan_env_msgs/share/common-lisp/ros/plan_env_msgs/msg/ChunkStamps.lisp, /home/xiaogu/myproject/rosNavigation_ws/devel/share/common-lisp/ros/plan_env_msgs/msg/ChunkStamps.lisp)
Linked: (/home/xiaogu/myproject/rosNavigation_ws/devel/.private/plan_env_msgs/share/common-lisp/ros/plan_env_msgs/msg/_package_ChunkStamps.lisp, /home/xiaogu/myproject/rosNavigation_ws/devel/share/common-lisp/ros/plan_env_msgs/msg/_package_ChunkStamps.lisp)
Linked: (/home/xiaogu/myproject/rosNavigation_ws/devel/.private/plan_env_msgs/share/common-lisp/ros/plan_env_msgs/msg/_package.lisp, /home/xiaogu/myproject/rosNavigation_ws/devel/share/common-lisp/ros/plan_env_msgs/msg/_package.lisp)
Linked: (/home/xiaogu/myproject/rosNavigation_ws/devel/.private/plan_env_msgs/share/common-lisp/ros/plan_env_msgs/msg/_package_IdxList.lisp, /home/xiaogu/myproject/rosNavigation_ws/devel/share/common-lisp/ros/plan_env_msgs/msg/_package_IdxList.lisp)
Linked: (/home/xiaogu/myproject/rosNavigation_ws/devel/.private/plan_env_msgs/share/common-lisp/ros/plan_env_msgs/msg/_package_ChunkData.lisp, /home/xiaogu/myproject/rosNavigation_ws/devel/share/common-lisp/ros/plan_env_msgs/msg/_package_ChunkData.lisp)
Linked: (/home/xiaogu/myproject/rosNavigation_ws/devel/.private/plan_env_msgs/share/common-lisp/ros/plan_env_msgs/msg/ChunkData.lisp, /home/xiaogu/myproject/rosNavigation_ws/devel/share/common-lisp/ros/plan_env_msgs/msg/ChunkData.lisp)
Linked: (/home/xiaogu/myproject/rosNavigation_ws/devel/.private/plan_env_msgs/share/gennodejs/ros/plan_env_msgs/_index.js, /home/xiaogu/myproject/rosNavigation_ws/devel/share/gennodejs/ros/plan_env_msgs/_index.js)
Linked: (/home/xiaogu/myproject/rosNavigation_ws/devel/.private/plan_env_msgs/share/gennodejs/ros/plan_env_msgs/msg/ChunkStamps.js, /home/xiaogu/myproject/rosNavigation_ws/devel/share/gennodejs/ros/plan_env_msgs/msg/ChunkStamps.js)
Linked: (/home/xiaogu/myproject/rosNavigation_ws/devel/.private/plan_env_msgs/share/gennodejs/ros/plan_env_msgs/msg/IdxList.js, /home/xiaogu/myproject/rosNavigation_ws/devel/share/gennodejs/ros/plan_env_msgs/msg/IdxList.js)
Linked: (/home/xiaogu/myproject/rosNavigation_ws/devel/.private/plan_env_msgs/share/gennodejs/ros/plan_env_msgs/msg/_index.js, /home/xiaogu/myproject/rosNavigation_ws/devel/share/gennodejs/ros/plan_env_msgs/msg/_index.js)
Linked: (/home/xiaogu/myproject/rosNavigation_ws/devel/.private/plan_env_msgs/share/gennodejs/ros/plan_env_msgs/msg/ChunkData.js, /home/xiaogu/myproject/rosNavigation_ws/devel/share/gennodejs/ros/plan_env_msgs/msg/ChunkData.js)
Linked: (/home/xiaogu/myproject/rosNavigation_ws/devel/.private/plan_env_msgs/share/plan_env_msgs/cmake/plan_env_msgsConfig.cmake, /home/xiaogu/myproject/rosNavigation_ws/devel/share/plan_env_msgs/cmake/plan_env_msgsConfig.cmake)
Linked: (/home/xiaogu/myproject/rosNavigation_ws/devel/.private/plan_env_msgs/share/plan_env_msgs/cmake/plan_env_msgs-msg-extras.cmake, /home/xiaogu/myproject/rosNavigation_ws/devel/share/plan_env_msgs/cmake/plan_env_msgs-msg-extras.cmake)
Linked: (/home/xiaogu/myproject/rosNavigation_ws/devel/.private/plan_env_msgs/share/plan_env_msgs/cmake/plan_env_msgsConfig-version.cmake, /home/xiaogu/myproject/rosNavigation_ws/devel/share/plan_env_msgs/cmake/plan_env_msgsConfig-version.cmake)
Linked: (/home/xiaogu/myproject/rosNavigation_ws/devel/.private/plan_env_msgs/share/plan_env_msgs/cmake/plan_env_msgs-msg-paths.cmake, /home/xiaogu/myproject/rosNavigation_ws/devel/share/plan_env_msgs/cmake/plan_env_msgs-msg-paths.cmake)
Linked: (/home/xiaogu/myproject/rosNavigation_ws/devel/.private/plan_env_msgs/include/plan_env_msgs/ChunkStamps.h, /home/xiaogu/myproject/rosNavigation_ws/devel/include/plan_env_msgs/ChunkStamps.h)
Linked: (/home/xiaogu/myproject/rosNavigation_ws/devel/.private/plan_env_msgs/include/plan_env_msgs/IdxList.h, /home/xiaogu/myproject/rosNavigation_ws/devel/include/plan_env_msgs/IdxList.h)
Linked: (/home/xiaogu/myproject/rosNavigation_ws/devel/.private/plan_env_msgs/include/plan_env_msgs/ChunkData.h, /home/xiaogu/myproject/rosNavigation_ws/devel/include/plan_env_msgs/ChunkData.h)
Linked: (/home/xiaogu/myproject/rosNavigation_ws/devel/.private/plan_env_msgs/lib/python3/dist-packages/plan_env_msgs/__init__.py, /home/xiaogu/myproject/rosNavigation_ws/devel/lib/python3/dist-packages/plan_env_msgs/__init__.py)
Linked: (/home/xiaogu/myproject/rosNavigation_ws/devel/.private/plan_env_msgs/lib/python3/dist-packages/plan_env_msgs/msg/__init__.py, /home/xiaogu/myproject/rosNavigation_ws/devel/lib/python3/dist-packages/plan_env_msgs/msg/__init__.py)
Linked: (/home/xiaogu/myproject/rosNavigation_ws/devel/.private/plan_env_msgs/lib/python3/dist-packages/plan_env_msgs/msg/_ChunkStamps.py, /home/xiaogu/myproject/rosNavigation_ws/devel/lib/python3/dist-packages/plan_env_msgs/msg/_ChunkStamps.py)
Linked: (/home/xiaogu/myproject/rosNavigation_ws/devel/.private/plan_env_msgs/lib/python3/dist-packages/plan_env_msgs/msg/_IdxList.py, /home/xiaogu/myproject/rosNavigation_ws/devel/lib/python3/dist-packages/plan_env_msgs/msg/_IdxList.py)
Linked: (/home/xiaogu/myproject/rosNavigation_ws/devel/.private/plan_env_msgs/lib/python3/dist-packages/plan_env_msgs/msg/_ChunkData.py, /home/xiaogu/myproject/rosNavigation_ws/devel/lib/python3/dist-packages/plan_env_msgs/msg/_ChunkData.py)
Linked: (/home/xiaogu/myproject/rosNavigation_ws/devel/.private/plan_env_msgs/lib/pkgconfig/plan_env_msgs.pc, /home/xiaogu/myproject/rosNavigation_ws/devel/lib/pkgconfig/plan_env_msgs.pc)
