[01m[K/home/xiaogu/myproject/rosNavigation_ws/src/fast_multi_robot_exploration-master/swarm_exploration/traj_utils/src/planning_visualization.cpp:[m[K In member function ‘[01m[Kvoid fast_planner::PlanningVisualization::drawLines(const std::vector<Eigen::Matrix<double, 3, 1> >&, const double&, const Vector4d&, const string&, const int&, const int&)[m[K’:
[01m[K/home/xiaogu/myproject/rosNavigation_ws/src/fast_multi_robot_exploration-master/swarm_exploration/traj_utils/src/planning_visualization.cpp:248:21:[m[K [01;35m[Kwarning: [m[Kcomparison of integer expressions of different signedness: ‘[01m[Kint[m[K’ and ‘[01m[Kstd::vector<Eigen::Matrix<double, 3, 1> >::size_type[m[K’ {aka ‘[01m[Klong unsigned int[m[K’} [[01;35m[K-Wsign-compare[m[K]
  248 |   for (int i = 0; [01;35m[Ki < list.size() - 1[m[K; ++i) {
      |                   [01;35m[K~~^~~~~~~~~~~~~~~~~[m[K
[01m[K/home/xiaogu/myproject/rosNavigation_ws/src/fast_multi_robot_exploration-master/swarm_exploration/traj_utils/src/planning_visualization.cpp:[m[K In member function ‘[01m[Kvoid fast_planner::PlanningVisualization::drawBsplinesPhase1(std::vector<fast_planner::NonUniformBspline>&, double)[m[K’:
[01m[K/home/xiaogu/myproject/rosNavigation_ws/src/fast_multi_robot_exploration-master/swarm_exploration/traj_utils/src/planning_visualization.cpp:388:21:[m[K [01;35m[Kwarning: [m[Kcomparison of integer expressions of different signedness: ‘[01m[Kint[m[K’ and ‘[01m[Kstd::vector<fast_planner::NonUniformBspline>::size_type[m[K’ {aka ‘[01m[Klong unsigned int[m[K’} [[01;35m[K-Wsign-compare[m[K]
  388 |   for (int i = 0; [01;35m[Ki < bsplines.size()[m[K; ++i) {
      |                   [01;35m[K~~^~~~~~~~~~~~~~~~~[m[K
[01m[K/home/xiaogu/myproject/rosNavigation_ws/src/fast_multi_robot_exploration-master/swarm_exploration/traj_utils/src/planning_visualization.cpp:[m[K In member function ‘[01m[Kvoid fast_planner::PlanningVisualization::drawBsplinesPhase2(std::vector<fast_planner::NonUniformBspline>&, double)[m[K’:
[01m[K/home/xiaogu/myproject/rosNavigation_ws/src/fast_multi_robot_exploration-master/swarm_exploration/traj_utils/src/planning_visualization.cpp:406:21:[m[K [01;35m[Kwarning: [m[Kcomparison of integer expressions of different signedness: ‘[01m[Kint[m[K’ and ‘[01m[Kstd::vector<fast_planner::NonUniformBspline>::size_type[m[K’ {aka ‘[01m[Klong unsigned int[m[K’} [[01;35m[K-Wsign-compare[m[K]
  406 |   for (int i = 0; [01;35m[Ki < bsplines.size()[m[K; ++i) {
      |                   [01;35m[K~~^~~~~~~~~~~~~~~~~[m[K
[01m[K/home/xiaogu/myproject/rosNavigation_ws/src/fast_multi_robot_exploration-master/swarm_exploration/traj_utils/src/planning_visualization.cpp:[m[K In member function ‘[01m[Kvoid fast_planner::PlanningVisualization::drawTopoGraph(std::__cxx11::list<std::shared_ptr<fast_planner::GraphNode> >&, double, double, const Vector4d&, const Vector4d&, const Vector4d&, int)[m[K’:
[01m[K/home/xiaogu/myproject/rosNavigation_ws/src/fast_multi_robot_exploration-master/swarm_exploration/traj_utils/src/planning_visualization.cpp:465:23:[m[K [01;35m[Kwarning: [m[Kcomparison of integer expressions of different signedness: ‘[01m[Kint[m[K’ and ‘[01m[Kstd::vector<std::shared_ptr<fast_planner::GraphNode> >::size_type[m[K’ {aka ‘[01m[Klong unsigned int[m[K’} [[01;35m[K-Wsign-compare[m[K]
  465 |     for (int k = 0; [01;35m[Kk < (*iter)->neighbors_.size()[m[K; ++k) {
      |                     [01;35m[K~~^~~~~~~~~~~~~~~~~~~~~~~~~~~~[m[K
[01m[K/home/xiaogu/myproject/rosNavigation_ws/src/fast_multi_robot_exploration-master/swarm_exploration/traj_utils/src/planning_visualization.cpp:[m[K In member function ‘[01m[Kvoid fast_planner::PlanningVisualization::drawTopoPathsPhase2(std::vector<std::vector<Eigen::Matrix<double, 3, 1> > >&, double)[m[K’:
[01m[K/home/xiaogu/myproject/rosNavigation_ws/src/fast_multi_robot_exploration-master/swarm_exploration/traj_utils/src/planning_visualization.cpp:486:21:[m[K [01;35m[Kwarning: [m[Kcomparison of integer expressions of different signedness: ‘[01m[Kint[m[K’ and ‘[01m[Kstd::vector<std::vector<Eigen::Matrix<double, 3, 1> > >::size_type[m[K’ {aka ‘[01m[Klong unsigned int[m[K’} [[01;35m[K-Wsign-compare[m[K]
  486 |   for (int i = 0; [01;35m[Ki < paths.size()[m[K; ++i) {
      |                   [01;35m[K~~^~~~~~~~~~~~~~[m[K
[01m[K/home/xiaogu/myproject/rosNavigation_ws/src/fast_multi_robot_exploration-master/swarm_exploration/traj_utils/src/planning_visualization.cpp:489:23:[m[K [01;35m[Kwarning: [m[Kcomparison of integer expressions of different signedness: ‘[01m[Kint[m[K’ and ‘[01m[Kstd::vector<Eigen::Matrix<double, 3, 1> >::size_type[m[K’ {aka ‘[01m[Klong unsigned int[m[K’} [[01;35m[K-Wsign-compare[m[K]
  489 |     for (int j = 0; [01;35m[Kj < paths[i].size() - 1[m[K; ++j) {
      |                     [01;35m[K~~^~~~~~~~~~~~~~~~~~~~~[m[K
[01m[K/home/xiaogu/myproject/rosNavigation_ws/src/fast_multi_robot_exploration-master/swarm_exploration/traj_utils/src/planning_visualization.cpp:[m[K In member function ‘[01m[Kvoid fast_planner::PlanningVisualization::drawTopoPathsPhase1(std::vector<std::vector<Eigen::Matrix<double, 3, 1> > >&, double)[m[K’:
[01m[K/home/xiaogu/myproject/rosNavigation_ws/src/fast_multi_robot_exploration-master/swarm_exploration/traj_utils/src/planning_visualization.cpp:511:21:[m[K [01;35m[Kwarning: [m[Kcomparison of integer expressions of different signedness: ‘[01m[Kint[m[K’ and ‘[01m[Kstd::vector<std::vector<Eigen::Matrix<double, 3, 1> > >::size_type[m[K’ {aka ‘[01m[Klong unsigned int[m[K’} [[01;35m[K-Wsign-compare[m[K]
  511 |   for (int i = 0; [01;35m[Ki < paths.size()[m[K; ++i) {
      |                   [01;35m[K~~^~~~~~~~~~~~~~[m[K
[01m[K/home/xiaogu/myproject/rosNavigation_ws/src/fast_multi_robot_exploration-master/swarm_exploration/traj_utils/src/planning_visualization.cpp:514:23:[m[K [01;35m[Kwarning: [m[Kcomparison of integer expressions of different signedness: ‘[01m[Kint[m[K’ and ‘[01m[Kstd::vector<Eigen::Matrix<double, 3, 1> >::size_type[m[K’ {aka ‘[01m[Klong unsigned int[m[K’} [[01;35m[K-Wsign-compare[m[K]
  514 |     for (int j = 0; [01;35m[Kj < paths[i].size() - 1[m[K; ++j) {
      |                     [01;35m[K~~^~~~~~~~~~~~~~~~~~~~~[m[K
[01m[K/home/xiaogu/myproject/rosNavigation_ws/src/fast_multi_robot_exploration-master/swarm_exploration/traj_utils/src/planning_visualization.cpp:[m[K In member function ‘[01m[Kvoid fast_planner::PlanningVisualization::drawPrediction(fast_planner::ObjPrediction, double, const Vector4d&, int)[m[K’:
[01m[K/home/xiaogu/myproject/rosNavigation_ws/src/fast_multi_robot_exploration-master/swarm_exploration/traj_utils/src/planning_visualization.cpp:549:21:[m[K [01;35m[Kwarning: [m[Kcomparison of integer expressions of different signedness: ‘[01m[Kint[m[K’ and ‘[01m[Kstd::vector<fast_planner::PolynomialPrediction>::size_type[m[K’ {aka ‘[01m[Klong unsigned int[m[K’} [[01;35m[K-Wsign-compare[m[K]
  549 |   for (int i = 0; [01;35m[Ki < pred->size()[m[K; i++) {
      |                   [01;35m[K~~^~~~~~~~~~~~~~[m[K
[01m[K/home/xiaogu/myproject/rosNavigation_ws/src/fast_multi_robot_exploration-master/swarm_exploration/traj_utils/src/planning_visualization.cpp:[m[K In member function ‘[01m[Kvoid fast_planner::PlanningVisualization::drawFrontier(const std::vector<std::vector<Eigen::Matrix<double, 3, 1> > >&)[m[K’:
[01m[K/home/xiaogu/myproject/rosNavigation_ws/src/fast_multi_robot_exploration-master/swarm_exploration/traj_utils/src/planning_visualization.cpp:645:21:[m[K [01;35m[Kwarning: [m[Kcomparison of integer expressions of different signedness: ‘[01m[Kint[m[K’ and ‘[01m[Kstd::vector<std::vector<Eigen::Matrix<double, 3, 1> > >::size_type[m[K’ {aka ‘[01m[Klong unsigned int[m[K’} [[01;35m[K-Wsign-compare[m[K]
  645 |   for (int i = 0; [01;35m[Ki < frontiers.size()[m[K; ++i) {
      |                   [01;35m[K~~^~~~~~~~~~~~~~~~~~[m[K
[01m[K/home/xiaogu/myproject/rosNavigation_ws/src/fast_multi_robot_exploration-master/swarm_exploration/traj_utils/src/planning_visualization.cpp:[m[K In member function ‘[01m[Kvoid fast_planner::PlanningVisualization::drawYawPath(fast_planner::NonUniformBspline&, const std::vector<double>&, const double&)[m[K’:
[01m[K/home/xiaogu/myproject/rosNavigation_ws/src/fast_multi_robot_exploration-master/swarm_exploration/traj_utils/src/planning_visualization.cpp:680:21:[m[K [01;35m[Kwarning: [m[Kcomparison of integer expressions of different signedness: ‘[01m[Kint[m[K’ and ‘[01m[Kstd::vector<double>::size_type[m[K’ {aka ‘[01m[Klong unsigned int[m[K’} [[01;35m[K-Wsign-compare[m[K]
  680 |   for (int i = 0; [01;35m[Ki < yaw.size()[m[K; ++i) {
      |                   [01;35m[K~~^~~~~~~~~~~~[m[K
[01m[K/home/xiaogu/myproject/rosNavigation_ws/src/fast_multi_robot_exploration-master/swarm_exploration/traj_utils/src/process_msg.cpp:[m[K In function ‘[01m[Kvoid cloudCallback(const PointCloud2ConstPtr&)[m[K’:
[01m[K/home/xiaogu/myproject/rosNavigation_ws/src/fast_multi_robot_exploration-master/swarm_exploration/traj_utils/src/process_msg.cpp:39:21:[m[K [01;35m[Kwarning: [m[Kcomparison of integer expressions of different signedness: ‘[01m[Kint[m[K’ and ‘[01m[Kstd::vector<pcl::PointXYZ, Eigen::aligned_allocator<pcl::PointXYZ> >::size_type[m[K’ {aka ‘[01m[Klong unsigned int[m[K’} [[01;35m[K-Wsign-compare[m[K]
   39 |   for (int i = 0; [01;35m[Ki < pts.points.size()[m[K; ++i) {
      |                   [01;35m[K~~^~~~~~~~~~~~~~~~~~~[m[K
[01m[K/home/xiaogu/myproject/rosNavigation_ws/src/fast_multi_robot_exploration-master/swarm_exploration/traj_utils/src/planning_visualization.cpp:[m[K In static member function ‘[01m[Kstatic Eigen::Vector4d fast_planner::PlanningVisualization::getColor(const double&, double)[m[K’:
[01m[K/home/xiaogu/myproject/rosNavigation_ws/src/fast_multi_robot_exploration-master/swarm_exploration/traj_utils/src/planning_visualization.cpp:698:10:[m[K [01;35m[Kwarning: [m[K‘[01m[Klambda[m[K’ may be used uninitialized in this function [[01;35m[K-Wmaybe-uninitialized[m[K]
  698 |   double [01;35m[Klambda[m[K;
      |          [01;35m[K^~~~~~[m[K
