Linked: (/home/xiaogu/myproject/rosNavigation_ws/devel/.private/multi_map_server/share/roseus/ros/multi_map_server/manifest.l, /home/xiaogu/myproject/rosNavigation_ws/devel/share/roseus/ros/multi_map_server/manifest.l)
Linked: (/home/xiaogu/myproject/rosNavigation_ws/devel/.private/multi_map_server/share/roseus/ros/multi_map_server/msg/SparseMap3D.l, /home/xiaogu/myproject/rosNavigation_ws/devel/share/roseus/ros/multi_map_server/msg/SparseMap3D.l)
Linked: (/home/xiaogu/myproject/rosNavigation_ws/devel/.private/multi_map_server/share/roseus/ros/multi_map_server/msg/MultiOccupancyGrid.l, /home/xiaogu/myproject/rosNavigation_ws/devel/share/roseus/ros/multi_map_server/msg/MultiOccupancyGrid.l)
Linked: (/home/xiaogu/myproject/rosNavigation_ws/devel/.private/multi_map_server/share/roseus/ros/multi_map_server/msg/MultiSparseMap3D.l, /home/xiaogu/myproject/rosNavigation_ws/devel/share/roseus/ros/multi_map_server/msg/MultiSparseMap3D.l)
Linked: (/home/xiaogu/myproject/rosNavigation_ws/devel/.private/multi_map_server/share/roseus/ros/multi_map_server/msg/VerticalOccupancyGridList.l, /home/xiaogu/myproject/rosNavigation_ws/devel/share/roseus/ros/multi_map_server/msg/VerticalOccupancyGridList.l)
Linked: (/home/xiaogu/myproject/rosNavigation_ws/devel/.private/multi_map_server/share/multi_map_server/cmake/multi_map_serverConfig-version.cmake, /home/xiaogu/myproject/rosNavigation_ws/devel/share/multi_map_server/cmake/multi_map_serverConfig-version.cmake)
Linked: (/home/xiaogu/myproject/rosNavigation_ws/devel/.private/multi_map_server/share/multi_map_server/cmake/multi_map_server-msg-extras.cmake, /home/xiaogu/myproject/rosNavigation_ws/devel/share/multi_map_server/cmake/multi_map_server-msg-extras.cmake)
Linked: (/home/xiaogu/myproject/rosNavigation_ws/devel/.private/multi_map_server/share/multi_map_server/cmake/multi_map_server-msg-paths.cmake, /home/xiaogu/myproject/rosNavigation_ws/devel/share/multi_map_server/cmake/multi_map_server-msg-paths.cmake)
Linked: (/home/xiaogu/myproject/rosNavigation_ws/devel/.private/multi_map_server/share/multi_map_server/cmake/multi_map_serverConfig.cmake, /home/xiaogu/myproject/rosNavigation_ws/devel/share/multi_map_server/cmake/multi_map_serverConfig.cmake)
Linked: (/home/xiaogu/myproject/rosNavigation_ws/devel/.private/multi_map_server/share/common-lisp/ros/multi_map_server/msg/MultiOccupancyGrid.lisp, /home/xiaogu/myproject/rosNavigation_ws/devel/share/common-lisp/ros/multi_map_server/msg/MultiOccupancyGrid.lisp)
Linked: (/home/xiaogu/myproject/rosNavigation_ws/devel/.private/multi_map_server/share/common-lisp/ros/multi_map_server/msg/SparseMap3D.lisp, /home/xiaogu/myproject/rosNavigation_ws/devel/share/common-lisp/ros/multi_map_server/msg/SparseMap3D.lisp)
Linked: (/home/xiaogu/myproject/rosNavigation_ws/devel/.private/multi_map_server/share/common-lisp/ros/multi_map_server/msg/_package_VerticalOccupancyGridList.lisp, /home/xiaogu/myproject/rosNavigation_ws/devel/share/common-lisp/ros/multi_map_server/msg/_package_VerticalOccupancyGridList.lisp)
Linked: (/home/xiaogu/myproject/rosNavigation_ws/devel/.private/multi_map_server/share/common-lisp/ros/multi_map_server/msg/multi_map_server-msg.asd, /home/xiaogu/myproject/rosNavigation_ws/devel/share/common-lisp/ros/multi_map_server/msg/multi_map_server-msg.asd)
Linked: (/home/xiaogu/myproject/rosNavigation_ws/devel/.private/multi_map_server/share/common-lisp/ros/multi_map_server/msg/_package_MultiSparseMap3D.lisp, /home/xiaogu/myproject/rosNavigation_ws/devel/share/common-lisp/ros/multi_map_server/msg/_package_MultiSparseMap3D.lisp)
Linked: (/home/xiaogu/myproject/rosNavigation_ws/devel/.private/multi_map_server/share/common-lisp/ros/multi_map_server/msg/_package_SparseMap3D.lisp, /home/xiaogu/myproject/rosNavigation_ws/devel/share/common-lisp/ros/multi_map_server/msg/_package_SparseMap3D.lisp)
Linked: (/home/xiaogu/myproject/rosNavigation_ws/devel/.private/multi_map_server/share/common-lisp/ros/multi_map_server/msg/_package.lisp, /home/xiaogu/myproject/rosNavigation_ws/devel/share/common-lisp/ros/multi_map_server/msg/_package.lisp)
Linked: (/home/xiaogu/myproject/rosNavigation_ws/devel/.private/multi_map_server/share/common-lisp/ros/multi_map_server/msg/MultiSparseMap3D.lisp, /home/xiaogu/myproject/rosNavigation_ws/devel/share/common-lisp/ros/multi_map_server/msg/MultiSparseMap3D.lisp)
Linked: (/home/xiaogu/myproject/rosNavigation_ws/devel/.private/multi_map_server/share/common-lisp/ros/multi_map_server/msg/_package_MultiOccupancyGrid.lisp, /home/xiaogu/myproject/rosNavigation_ws/devel/share/common-lisp/ros/multi_map_server/msg/_package_MultiOccupancyGrid.lisp)
Linked: (/home/xiaogu/myproject/rosNavigation_ws/devel/.private/multi_map_server/share/common-lisp/ros/multi_map_server/msg/VerticalOccupancyGridList.lisp, /home/xiaogu/myproject/rosNavigation_ws/devel/share/common-lisp/ros/multi_map_server/msg/VerticalOccupancyGridList.lisp)
Linked: (/home/xiaogu/myproject/rosNavigation_ws/devel/.private/multi_map_server/share/gennodejs/ros/multi_map_server/_index.js, /home/xiaogu/myproject/rosNavigation_ws/devel/share/gennodejs/ros/multi_map_server/_index.js)
Linked: (/home/xiaogu/myproject/rosNavigation_ws/devel/.private/multi_map_server/share/gennodejs/ros/multi_map_server/msg/VerticalOccupancyGridList.js, /home/xiaogu/myproject/rosNavigation_ws/devel/share/gennodejs/ros/multi_map_server/msg/VerticalOccupancyGridList.js)
Linked: (/home/xiaogu/myproject/rosNavigation_ws/devel/.private/multi_map_server/share/gennodejs/ros/multi_map_server/msg/SparseMap3D.js, /home/xiaogu/myproject/rosNavigation_ws/devel/share/gennodejs/ros/multi_map_server/msg/SparseMap3D.js)
Linked: (/home/xiaogu/myproject/rosNavigation_ws/devel/.private/multi_map_server/share/gennodejs/ros/multi_map_server/msg/MultiOccupancyGrid.js, /home/xiaogu/myproject/rosNavigation_ws/devel/share/gennodejs/ros/multi_map_server/msg/MultiOccupancyGrid.js)
Linked: (/home/xiaogu/myproject/rosNavigation_ws/devel/.private/multi_map_server/share/gennodejs/ros/multi_map_server/msg/_index.js, /home/xiaogu/myproject/rosNavigation_ws/devel/share/gennodejs/ros/multi_map_server/msg/_index.js)
Linked: (/home/xiaogu/myproject/rosNavigation_ws/devel/.private/multi_map_server/share/gennodejs/ros/multi_map_server/msg/MultiSparseMap3D.js, /home/xiaogu/myproject/rosNavigation_ws/devel/share/gennodejs/ros/multi_map_server/msg/MultiSparseMap3D.js)
Linked: (/home/xiaogu/myproject/rosNavigation_ws/devel/.private/multi_map_server/include/multi_map_server/VerticalOccupancyGridList.h, /home/xiaogu/myproject/rosNavigation_ws/devel/include/multi_map_server/VerticalOccupancyGridList.h)
Linked: (/home/xiaogu/myproject/rosNavigation_ws/devel/.private/multi_map_server/include/multi_map_server/SparseMap3D.h, /home/xiaogu/myproject/rosNavigation_ws/devel/include/multi_map_server/SparseMap3D.h)
Linked: (/home/xiaogu/myproject/rosNavigation_ws/devel/.private/multi_map_server/include/multi_map_server/MultiSparseMap3D.h, /home/xiaogu/myproject/rosNavigation_ws/devel/include/multi_map_server/MultiSparseMap3D.h)
Linked: (/home/xiaogu/myproject/rosNavigation_ws/devel/.private/multi_map_server/include/multi_map_server/MultiOccupancyGrid.h, /home/xiaogu/myproject/rosNavigation_ws/devel/include/multi_map_server/MultiOccupancyGrid.h)
Linked: (/home/xiaogu/myproject/rosNavigation_ws/devel/.private/multi_map_server/lib/python3/dist-packages/multi_map_server/__init__.py, /home/xiaogu/myproject/rosNavigation_ws/devel/lib/python3/dist-packages/multi_map_server/__init__.py)
Linked: (/home/xiaogu/myproject/rosNavigation_ws/devel/.private/multi_map_server/lib/python3/dist-packages/multi_map_server/msg/_VerticalOccupancyGridList.py, /home/xiaogu/myproject/rosNavigation_ws/devel/lib/python3/dist-packages/multi_map_server/msg/_VerticalOccupancyGridList.py)
Linked: (/home/xiaogu/myproject/rosNavigation_ws/devel/.private/multi_map_server/lib/python3/dist-packages/multi_map_server/msg/__init__.py, /home/xiaogu/myproject/rosNavigation_ws/devel/lib/python3/dist-packages/multi_map_server/msg/__init__.py)
Linked: (/home/xiaogu/myproject/rosNavigation_ws/devel/.private/multi_map_server/lib/python3/dist-packages/multi_map_server/msg/_MultiOccupancyGrid.py, /home/xiaogu/myproject/rosNavigation_ws/devel/lib/python3/dist-packages/multi_map_server/msg/_MultiOccupancyGrid.py)
Linked: (/home/xiaogu/myproject/rosNavigation_ws/devel/.private/multi_map_server/lib/python3/dist-packages/multi_map_server/msg/_MultiSparseMap3D.py, /home/xiaogu/myproject/rosNavigation_ws/devel/lib/python3/dist-packages/multi_map_server/msg/_MultiSparseMap3D.py)
Linked: (/home/xiaogu/myproject/rosNavigation_ws/devel/.private/multi_map_server/lib/python3/dist-packages/multi_map_server/msg/_SparseMap3D.py, /home/xiaogu/myproject/rosNavigation_ws/devel/lib/python3/dist-packages/multi_map_server/msg/_SparseMap3D.py)
Linked: (/home/xiaogu/myproject/rosNavigation_ws/devel/.private/multi_map_server/lib/multi_map_server/multi_map_visualization, /home/xiaogu/myproject/rosNavigation_ws/devel/lib/multi_map_server/multi_map_visualization)
Linked: (/home/xiaogu/myproject/rosNavigation_ws/devel/.private/multi_map_server/lib/pkgconfig/multi_map_server.pc, /home/xiaogu/myproject/rosNavigation_ws/devel/lib/pkgconfig/multi_map_server.pc)
