Linked: (/home/xiaogu/myproject/rosNavigation_ws/devel/.private/lkh_tsp_solver/share/lkh_tsp_solver/cmake/lkh_tsp_solverConfig-version.cmake, /home/xiaogu/myproject/rosNavigation_ws/devel/share/lkh_tsp_solver/cmake/lkh_tsp_solverConfig-version.cmake)
Linked: (/home/xiaogu/myproject/rosNavigation_ws/devel/.private/lkh_tsp_solver/share/lkh_tsp_solver/cmake/lkh_tsp_solver-msg-extras.cmake, /home/xiaogu/myproject/rosNavigation_ws/devel/share/lkh_tsp_solver/cmake/lkh_tsp_solver-msg-extras.cmake)
Linked: (/home/xiaogu/myproject/rosNavigation_ws/devel/.private/lkh_tsp_solver/share/lkh_tsp_solver/cmake/lkh_tsp_solverConfig.cmake, /home/xiaogu/myproject/rosNavigation_ws/devel/share/lkh_tsp_solver/cmake/lkh_tsp_solverConfig.cmake)
Linked: (/home/xiaogu/myproject/rosNavigation_ws/devel/.private/lkh_tsp_solver/share/lkh_tsp_solver/cmake/lkh_tsp_solver-msg-paths.cmake, /home/xiaogu/myproject/rosNavigation_ws/devel/share/lkh_tsp_solver/cmake/lkh_tsp_solver-msg-paths.cmake)
Linked: (/home/xiaogu/myproject/rosNavigation_ws/devel/.private/lkh_tsp_solver/share/roseus/ros/lkh_tsp_solver/manifest.l, /home/xiaogu/myproject/rosNavigation_ws/devel/share/roseus/ros/lkh_tsp_solver/manifest.l)
Linked: (/home/xiaogu/myproject/rosNavigation_ws/devel/.private/lkh_tsp_solver/share/roseus/ros/lkh_tsp_solver/srv/SolveTSP.l, /home/xiaogu/myproject/rosNavigation_ws/devel/share/roseus/ros/lkh_tsp_solver/srv/SolveTSP.l)
Linked: (/home/xiaogu/myproject/rosNavigation_ws/devel/.private/lkh_tsp_solver/share/common-lisp/ros/lkh_tsp_solver/srv/_package_SolveTSP.lisp, /home/xiaogu/myproject/rosNavigation_ws/devel/share/common-lisp/ros/lkh_tsp_solver/srv/_package_SolveTSP.lisp)
Linked: (/home/xiaogu/myproject/rosNavigation_ws/devel/.private/lkh_tsp_solver/share/common-lisp/ros/lkh_tsp_solver/srv/SolveTSP.lisp, /home/xiaogu/myproject/rosNavigation_ws/devel/share/common-lisp/ros/lkh_tsp_solver/srv/SolveTSP.lisp)
Linked: (/home/xiaogu/myproject/rosNavigation_ws/devel/.private/lkh_tsp_solver/share/common-lisp/ros/lkh_tsp_solver/srv/lkh_tsp_solver-srv.asd, /home/xiaogu/myproject/rosNavigation_ws/devel/share/common-lisp/ros/lkh_tsp_solver/srv/lkh_tsp_solver-srv.asd)
Linked: (/home/xiaogu/myproject/rosNavigation_ws/devel/.private/lkh_tsp_solver/share/common-lisp/ros/lkh_tsp_solver/srv/_package.lisp, /home/xiaogu/myproject/rosNavigation_ws/devel/share/common-lisp/ros/lkh_tsp_solver/srv/_package.lisp)
Linked: (/home/xiaogu/myproject/rosNavigation_ws/devel/.private/lkh_tsp_solver/share/gennodejs/ros/lkh_tsp_solver/_index.js, /home/xiaogu/myproject/rosNavigation_ws/devel/share/gennodejs/ros/lkh_tsp_solver/_index.js)
Linked: (/home/xiaogu/myproject/rosNavigation_ws/devel/.private/lkh_tsp_solver/share/gennodejs/ros/lkh_tsp_solver/srv/SolveTSP.js, /home/xiaogu/myproject/rosNavigation_ws/devel/share/gennodejs/ros/lkh_tsp_solver/srv/SolveTSP.js)
Linked: (/home/xiaogu/myproject/rosNavigation_ws/devel/.private/lkh_tsp_solver/share/gennodejs/ros/lkh_tsp_solver/srv/_index.js, /home/xiaogu/myproject/rosNavigation_ws/devel/share/gennodejs/ros/lkh_tsp_solver/srv/_index.js)
Linked: (/home/xiaogu/myproject/rosNavigation_ws/devel/.private/lkh_tsp_solver/include/lkh_tsp_solver/SolveTSP.h, /home/xiaogu/myproject/rosNavigation_ws/devel/include/lkh_tsp_solver/SolveTSP.h)
Linked: (/home/xiaogu/myproject/rosNavigation_ws/devel/.private/lkh_tsp_solver/include/lkh_tsp_solver/SolveTSPResponse.h, /home/xiaogu/myproject/rosNavigation_ws/devel/include/lkh_tsp_solver/SolveTSPResponse.h)
Linked: (/home/xiaogu/myproject/rosNavigation_ws/devel/.private/lkh_tsp_solver/include/lkh_tsp_solver/SolveTSPRequest.h, /home/xiaogu/myproject/rosNavigation_ws/devel/include/lkh_tsp_solver/SolveTSPRequest.h)
Linked: (/home/xiaogu/myproject/rosNavigation_ws/devel/.private/lkh_tsp_solver/lib/liblkh_tsp_solver.so, /home/xiaogu/myproject/rosNavigation_ws/devel/lib/liblkh_tsp_solver.so)
Linked: (/home/xiaogu/myproject/rosNavigation_ws/devel/.private/lkh_tsp_solver/lib/lkh_tsp_solver/tsp_node, /home/xiaogu/myproject/rosNavigation_ws/devel/lib/lkh_tsp_solver/tsp_node)
Linked: (/home/xiaogu/myproject/rosNavigation_ws/devel/.private/lkh_tsp_solver/lib/python3/dist-packages/lkh_tsp_solver/__init__.py, /home/xiaogu/myproject/rosNavigation_ws/devel/lib/python3/dist-packages/lkh_tsp_solver/__init__.py)
Linked: (/home/xiaogu/myproject/rosNavigation_ws/devel/.private/lkh_tsp_solver/lib/python3/dist-packages/lkh_tsp_solver/srv/__init__.py, /home/xiaogu/myproject/rosNavigation_ws/devel/lib/python3/dist-packages/lkh_tsp_solver/srv/__init__.py)
Linked: (/home/xiaogu/myproject/rosNavigation_ws/devel/.private/lkh_tsp_solver/lib/python3/dist-packages/lkh_tsp_solver/srv/_SolveTSP.py, /home/xiaogu/myproject/rosNavigation_ws/devel/lib/python3/dist-packages/lkh_tsp_solver/srv/_SolveTSP.py)
Linked: (/home/xiaogu/myproject/rosNavigation_ws/devel/.private/lkh_tsp_solver/lib/pkgconfig/lkh_tsp_solver.pc, /home/xiaogu/myproject/rosNavigation_ws/devel/lib/pkgconfig/lkh_tsp_solver.pc)
