[01m[K/home/xiaogu/myproject/rosNavigation_ws/src/fast_multi_robot_exploration-master/swarm_exploration/active_perception/src/traj_visibility.cpp:[m[K In member function ‘[01m[Kvoid fast_planner::VisibilityUtil::findVisibPairs(const std::vector<Eigen::Matrix<double, 3, 1> >&, std::vector<fast_planner::VisiblePair>&)[m[K’:
[01m[K/home/xiaogu/myproject/rosNavigation_ws/src/fast_multi_robot_exploration-master/swarm_exploration/active_perception/src/traj_visibility.cpp:127:21:[m[K [01;35m[Kwarning: [m[Kcomparison of integer expressions of different signedness: ‘[01m[Kint[m[K’ and ‘[01m[Kstd::vector<Eigen::Matrix<double, 3, 1> >::size_type[m[K’ {aka ‘[01m[Klong unsigned int[m[K’} [[01;35m[K-Wsign-compare[m[K]
  127 |   for (int i = 0; [01;35m[Ki < pts.size() - visible_num_[m[K; ++i) {
      |                   [01;35m[K~~^~~~~~~~~~~~~~~~~~~~~~~~~~~[m[K
[01m[K/home/xiaogu/myproject/rosNavigation_ws/src/fast_multi_robot_exploration-master/swarm_exploration/active_perception/src/traj_visibility.cpp:132:38:[m[K [01;35m[Kwarning: [m[Kcomparison of integer expressions of different signedness: ‘[01m[Kint[m[K’ and ‘[01m[Kstd::vector<Eigen::Matrix<double, 3, 1> >::size_type[m[K’ {aka ‘[01m[Klong unsigned int[m[K’} [[01;35m[K-Wsign-compare[m[K]
  132 |     for (int j = i + visible_num_; [01;35m[Kj < pts.size()[m[K; ++j) {
      |                                    [01;35m[K~~^~~~~~~~~~~~[m[K
[01m[K/home/xiaogu/myproject/rosNavigation_ws/src/fast_multi_robot_exploration-master/swarm_exploration/active_perception/src/traj_visibility.cpp:124:7:[m[K [01;35m[Kwarning: [m[Kunused variable ‘[01m[Kknow_num[m[K’ [[01;35m[K-Wunused-variable[m[K]
  124 |   int [01;35m[Kknow_num[m[K = 0;
      |       [01;35m[K^~~~~~~~[m[K
[01m[K/home/xiaogu/myproject/rosNavigation_ws/src/fast_multi_robot_exploration-master/swarm_exploration/active_perception/src/graph_node.cpp:[m[K In static member function ‘[01m[Kstatic double fast_planner::ViewNode::searchPath(const Vector3d&, const Vector3d&, std::vector<Eigen::Matrix<double, 3, 1> >&)[m[K’:
[01m[K/home/xiaogu/myproject/rosNavigation_ws/src/fast_multi_robot_exploration-master/swarm_exploration/active_perception/src/graph_node.cpp:101:21:[m[K [01;35m[Kwarning: [m[Kcomparison of integer expressions of different signedness: ‘[01m[Kint[m[K’ and ‘[01m[Kstd::vector<double>::size_type[m[K’ {aka ‘[01m[Klong unsigned int[m[K’} [[01;35m[K-Wsign-compare[m[K]
  101 |   for (int k = 0; [01;35m[Kk < res.size()[m[K; ++k) {
      |                   [01;35m[K~~^~~~~~~~~~~~[m[K
[01m[K/home/xiaogu/myproject/rosNavigation_ws/src/fast_multi_robot_exploration-master/swarm_exploration/active_perception/src/perception_utils.cpp:[m[K In member function ‘[01m[Kvoid fast_planner::PerceptionUtils::getFOV(std::vector<Eigen::Matrix<double, 3, 1> >&, std::vector<Eigen::Matrix<double, 3, 1> >&)[m[K’:
[01m[K/home/xiaogu/myproject/rosNavigation_ws/src/fast_multi_robot_exploration-master/swarm_exploration/active_perception/src/perception_utils.cpp:75:21:[m[K [01;35m[Kwarning: [m[Kcomparison of integer expressions of different signedness: ‘[01m[Kint[m[K’ and ‘[01m[Kstd::vector<Eigen::Matrix<double, 3, 1> >::size_type[m[K’ {aka ‘[01m[Klong unsigned int[m[K’} [[01;35m[K-Wsign-compare[m[K]
   75 |   for (int i = 0; [01;35m[Ki < cam_vertices1_.size()[m[K; ++i) {
      |                   [01;35m[K~~^~~~~~~~~~~~~~~~~~~~~~~[m[K
[01m[K/home/xiaogu/myproject/rosNavigation_ws/src/fast_multi_robot_exploration-master/swarm_exploration/active_perception/src/uniform_grid.cpp:[m[K In member function ‘[01m[Kvoid fast_planner::UniformGrid::updateBaseCoor()[m[K’:
[01m[K/home/xiaogu/myproject/rosNavigation_ws/src/fast_multi_robot_exploration-master/swarm_exploration/active_perception/src/uniform_grid.cpp:89:21:[m[K [01;35m[Kwarning: [m[Kcomparison of integer expressions of different signedness: ‘[01m[Kint[m[K’ and ‘[01m[Kstd::vector<fast_planner::GridInfo>::size_type[m[K’ {aka ‘[01m[Klong unsigned int[m[K’} [[01;35m[K-Wsign-compare[m[K]
   89 |   for (int i = 0; [01;35m[Ki < grid_data_.size()[m[K; ++i) {
      |                   [01;35m[K~~^~~~~~~~~~~~~~~~~~~[m[K
[01m[K/home/xiaogu/myproject/rosNavigation_ws/src/fast_multi_robot_exploration-master/swarm_exploration/active_perception/src/uniform_grid.cpp:115:23:[m[K [01;35m[Kwarning: [m[Kcomparison of integer expressions of different signedness: ‘[01m[Kint[m[K’ and ‘[01m[Kstd::vector<Eigen::Matrix<double, 3, 1> >::size_type[m[K’ {aka ‘[01m[Klong unsigned int[m[K’} [[01;35m[K-Wsign-compare[m[K]
  115 |     for (int j = 1; [01;35m[Kj < vertices.size()[m[K; ++j) {
      |                     [01;35m[K~~^~~~~~~~~~~~~~~~~[m[K
[01m[K/home/xiaogu/myproject/rosNavigation_ws/src/fast_multi_robot_exploration-master/swarm_exploration/active_perception/src/uniform_grid.cpp:[m[K In member function ‘[01m[Kvoid fast_planner::UniformGrid::updateGridData(const int&, std::vector<int>&, std::vector<int>&, std::vector<int>&)[m[K’:
[01m[K/home/xiaogu/myproject/rosNavigation_ws/src/fast_multi_robot_exploration-master/swarm_exploration/active_perception/src/uniform_grid.cpp:174:21:[m[K [01;35m[Kwarning: [m[Kcomparison of integer expressions of different signedness: ‘[01m[Kint[m[K’ and ‘[01m[Kstd::vector<fast_planner::GridInfo>::size_type[m[K’ {aka ‘[01m[Klong unsigned int[m[K’} [[01;35m[K-Wsign-compare[m[K]
  174 |   for (int i = 0; [01;35m[Ki < grid_data_.size()[m[K; ++i) {
      |                   [01;35m[K~~^~~~~~~~~~~~~~~~~~~[m[K
[01m[K/home/xiaogu/myproject/rosNavigation_ws/src/fast_multi_robot_exploration-master/swarm_exploration/active_perception/src/uniform_grid.cpp:180:23:[m[K [01;35m[Kwarning: [m[Kcomparison of integer expressions of different signedness: ‘[01m[Kint[m[K’ and ‘[01m[Kstd::vector<Eigen::Matrix<double, 3, 1> >::size_type[m[K’ {aka ‘[01m[Klong unsigned int[m[K’} [[01;35m[K-Wsign-compare[m[K]
  180 |     for (int j = 0; [01;35m[Kj < update_mins.size()[m[K; ++j) {
      |                     [01;35m[K~~^~~~~~~~~~~~~~~~~~~~[m[K
[01m[K/home/xiaogu/myproject/rosNavigation_ws/src/fast_multi_robot_exploration-master/swarm_exploration/active_perception/src/uniform_grid.cpp:220:21:[m[K [01;35m[Kwarning: [m[Kcomparison of integer expressions of different signedness: ‘[01m[Kint[m[K’ and ‘[01m[Kstd::vector<fast_planner::GridInfo>::size_type[m[K’ {aka ‘[01m[Klong unsigned int[m[K’} [[01;35m[K-Wsign-compare[m[K]
  220 |   for (int i = 0; [01;35m[Ki < grid_data_.size()[m[K; ++i) {
      |                   [01;35m[K~~^~~~~~~~~~~~~~~~~~~[m[K
[01m[K/home/xiaogu/myproject/rosNavigation_ws/src/fast_multi_robot_exploration-master/swarm_exploration/active_perception/src/traj_visibility.cpp:[m[K In member function ‘[01m[Kbool fast_planner::VisibilityUtil::findDirAndIdx(fast_planner::NonUniformBspline&, const double&, const double&, Eigen::Vector3d&, int&, Eigen::Vector3d&)[m[K’:
[01m[K/home/xiaogu/myproject/rosNavigation_ws/src/fast_multi_robot_exploration-master/swarm_exploration/active_perception/src/traj_visibility.cpp:232:33:[m[K [01;35m[Kwarning: [m[Kcontrol reaches end of non-void function [[01;35m[K-Wreturn-type[m[K]
  232 |   auto vel = traj.getDerivative([01;35m[K)[m[K;
      |                                 [01;35m[K^[m[K
[01m[K/home/xiaogu/myproject/rosNavigation_ws/src/fast_multi_robot_exploration-master/swarm_exploration/active_perception/src/uniform_grid.cpp:[m[K In member function ‘[01m[Kvoid fast_planner::UniformGrid::inputFrontiers(const std::vector<Eigen::Matrix<double, 3, 1> >&)[m[K’:
[01m[K/home/xiaogu/myproject/rosNavigation_ws/src/fast_multi_robot_exploration-master/swarm_exploration/active_perception/src/uniform_grid.cpp:364:21:[m[K [01;35m[Kwarning: [m[Kcomparison of integer expressions of different signedness: ‘[01m[Kint[m[K’ and ‘[01m[Kstd::vector<Eigen::Matrix<double, 3, 1> >::size_type[m[K’ {aka ‘[01m[Klong unsigned int[m[K’} [[01;35m[K-Wsign-compare[m[K]
  364 |   for (int i = 0; [01;35m[Ki < avgs.size()[m[K; ++i) {
      |                   [01;35m[K~~^~~~~~~~~~~~~[m[K
[01m[K/home/xiaogu/myproject/rosNavigation_ws/src/fast_multi_robot_exploration-master/swarm_exploration/active_perception/src/uniform_grid.cpp:[m[K In member function ‘[01m[Kvoid fast_planner::UniformGrid::getGridTour(const std::vector<int>&, std::vector<Eigen::Matrix<double, 3, 1> >&)[m[K’:
[01m[K/home/xiaogu/myproject/rosNavigation_ws/src/fast_multi_robot_exploration-master/swarm_exploration/active_perception/src/uniform_grid.cpp:389:21:[m[K [01;35m[Kwarning: [m[Kcomparison of integer expressions of different signedness: ‘[01m[Kint[m[K’ and ‘[01m[Kstd::vector<int>::size_type[m[K’ {aka ‘[01m[Klong unsigned int[m[K’} [[01;35m[K-Wsign-compare[m[K]
  389 |   for (int i = 0; [01;35m[Ki < ids.size()[m[K; ++i) {
      |                   [01;35m[K~~^~~~~~~~~~~~[m[K
[01m[K/home/xiaogu/myproject/rosNavigation_ws/src/fast_multi_robot_exploration-master/swarm_exploration/active_perception/src/frontier_finder.cpp:[m[K In member function ‘[01m[Kvoid fast_planner::FrontierFinder::searchFrontiers()[m[K’:
[01m[K/home/xiaogu/myproject/rosNavigation_ws/src/fast_multi_robot_exploration-master/swarm_exploration/active_perception/src/frontier_finder.cpp:110:21:[m[K [01;35m[Kwarning: [m[Kcomparison of integer expressions of different signedness: ‘[01m[Kint[m[K’ and ‘[01m[Kstd::vector<Eigen::Matrix<double, 3, 1> >::size_type[m[K’ {aka ‘[01m[Klong unsigned int[m[K’} [[01;35m[K-Wsign-compare[m[K]
  110 |   for (int i = 0; [01;35m[Ki < mins.size()[m[K; ++i) {
      |                   [01;35m[K~~^~~~~~~~~~~~~[m[K
[01m[K/home/xiaogu/myproject/rosNavigation_ws/src/fast_multi_robot_exploration-master/swarm_exploration/active_perception/src/frontier_finder.cpp:119:21:[m[K [01;35m[Kwarning: [m[Kcomparison of integer expressions of different signedness: ‘[01m[Kint[m[K’ and ‘[01m[Kstd::vector<Eigen::Matrix<double, 3, 1> >::size_type[m[K’ {aka ‘[01m[Klong unsigned int[m[K’} [[01;35m[K-Wsign-compare[m[K]
  119 |   for (int i = 0; [01;35m[Ki < mins.size()[m[K; ++i) {
      |                   [01;35m[K~~^~~~~~~~~~~~~[m[K
[01m[K/home/xiaogu/myproject/rosNavigation_ws/src/fast_multi_robot_exploration-master/swarm_exploration/active_perception/src/frontier_finder.cpp:124:21:[m[K [01;35m[Kwarning: [m[Kcomparison of integer expressions of different signedness: ‘[01m[Kint[m[K’ and ‘[01m[Kstd::vector<Eigen::Matrix<int, 3, 1> >::size_type[m[K’ {aka ‘[01m[Klong unsigned int[m[K’} [[01;35m[K-Wsign-compare[m[K]
  124 |   for (int i = 0; [01;35m[Ki < min_ids.size()[m[K; ++i) {
      |                   [01;35m[K~~^~~~~~~~~~~~~~~~[m[K
[01m[K/home/xiaogu/myproject/rosNavigation_ws/src/fast_multi_robot_exploration-master/swarm_exploration/active_perception/src/frontier_finder.cpp:56:13:[m[K [01;35m[Kwarning: [m[Kvariable ‘[01m[Kt1[m[K’ set but not used [[01;35m[K-Wunused-but-set-variable[m[K]
   56 |   ros::Time [01;35m[Kt1[m[K = ros::Time::now();
      |             [01;35m[K^~[m[K
[01m[K/home/xiaogu/myproject/rosNavigation_ws/src/fast_multi_robot_exploration-master/swarm_exploration/active_perception/src/frontier_finder.cpp:[m[K In member function ‘[01m[Kvoid fast_planner::FrontierFinder::expandFrontier(const Vector3i&)[m[K’:
[01m[K/home/xiaogu/myproject/rosNavigation_ws/src/fast_multi_robot_exploration-master/swarm_exploration/active_perception/src/frontier_finder.cpp:165:15:[m[K [01;35m[Kwarning: [m[Kcomparison of integer expressions of different signedness: ‘[01m[Kint[m[K’ and ‘[01m[Kstd::vector<char>::size_type[m[K’ {aka ‘[01m[Klong unsigned int[m[K’} [[01;35m[K-Wsign-compare[m[K]
  165 |       if ([01;35m[Kadr >= frontier_flag_.size()[m[K) continue;
      |           [01;35m[K~~~~^~~~~~~~~~~~~~~~~~~~~~~~[m[K
[01m[K/home/xiaogu/myproject/rosNavigation_ws/src/fast_multi_robot_exploration-master/swarm_exploration/active_perception/src/frontier_finder.cpp:178:23:[m[K [01;35m[Kwarning: [m[Kcomparison of integer expressions of different signedness: ‘[01m[Kstd::vector<std::pair<fast_planner::LABEL, Eigen::Matrix<double, 3, 1> > >::size_type[m[K’ {aka ‘[01m[Klong unsigned int[m[K’} and ‘[01m[Kint[m[K’ [[01;35m[K-Wsign-compare[m[K]
  178 |   if ([01;35m[Kexpanded.size() > cluster_min_[m[K) {
      |       [01;35m[K~~~~~~~~~~~~~~~~^~~~~~~~~~~~~~[m[K
[01m[K/home/xiaogu/myproject/rosNavigation_ws/src/fast_multi_robot_exploration-master/swarm_exploration/active_perception/src/frontier_finder.cpp:[m[K In member function ‘[01m[Kvoid fast_planner::FrontierFinder::updateFrontierCostMatrix()[m[K’:
[01m[K/home/xiaogu/myproject/rosNavigation_ws/src/fast_multi_robot_exploration-master/swarm_exploration/active_perception/src/frontier_finder.cpp:295:25:[m[K [01;35m[Kwarning: [m[Kcomparison of integer expressions of different signedness: ‘[01m[Kint[m[K’ and ‘[01m[Kstd::vector<int>::size_type[m[K’ {aka ‘[01m[Klong unsigned int[m[K’} [[01;35m[K-Wsign-compare[m[K]
  295 |       for (int i = 0; [01;35m[Ki < removed_ids_.size()[m[K; ++i) {
      |                       [01;35m[K~~^~~~~~~~~~~~~~~~~~~~~[m[K
[01m[K/home/xiaogu/myproject/rosNavigation_ws/src/fast_multi_robot_exploration-master/swarm_exploration/active_perception/src/frontier_finder.cpp:[m[K In member function ‘[01m[Kbool fast_planner::FrontierFinder::haveAnyOverlap(const Vector3d&, const Vector3d&, const std::vector<Eigen::Matrix<double, 3, 1> >&, const std::vector<Eigen::Matrix<double, 3, 1> >&)[m[K’:
[01m[K/home/xiaogu/myproject/rosNavigation_ws/src/fast_multi_robot_exploration-master/swarm_exploration/active_perception/src/frontier_finder.cpp:392:21:[m[K [01;35m[Kwarning: [m[Kcomparison of integer expressions of different signedness: ‘[01m[Kint[m[K’ and ‘[01m[Kstd::vector<Eigen::Matrix<double, 3, 1> >::size_type[m[K’ {aka ‘[01m[Klong unsigned int[m[K’} [[01;35m[K-Wsign-compare[m[K]
  392 |   for (int i = 0; [01;35m[Ki < mins.size()[m[K; ++i) {
      |                   [01;35m[K~~^~~~~~~~~~~~~[m[K
[01m[K/home/xiaogu/myproject/rosNavigation_ws/src/fast_multi_robot_exploration-master/swarm_exploration/active_perception/src/frontier_finder.cpp:[m[K In member function ‘[01m[Kvoid fast_planner::FrontierFinder::getViewpointsInfo(const Vector3d&, const std::vector<int>&, const int&, const double&, std::vector<std::vector<Eigen::Matrix<double, 3, 1> > >&, std::vector<std::vector<double> >&)[m[K’:
[01m[K/home/xiaogu/myproject/rosNavigation_ws/src/fast_multi_robot_exploration-master/swarm_exploration/active_perception/src/frontier_finder.cpp:527:26:[m[K [01;35m[Kwarning: [m[Kcomparison of integer expressions of different signedness: ‘[01m[Kstd::vector<Eigen::Matrix<double, 3, 1> >::size_type[m[K’ {aka ‘[01m[Klong unsigned int[m[K’} and ‘[01m[Kconst int[m[K’ [[01;35m[K-Wsign-compare[m[K]
  527 |           if ([01;35m[Kpts.size() >= view_num[m[K || view.visib_num_ <= visib_thresh) break;
      |               [01;35m[K~~~~~~~~~~~^~~~~~~~~~~[m[K
[01m[K/home/xiaogu/myproject/rosNavigation_ws/src/fast_multi_robot_exploration-master/swarm_exploration/active_perception/src/frontier_finder.cpp:535:28:[m[K [01;35m[Kwarning: [m[Kcomparison of integer expressions of different signedness: ‘[01m[Kstd::vector<Eigen::Matrix<double, 3, 1> >::size_type[m[K’ {aka ‘[01m[Klong unsigned int[m[K’} and ‘[01m[Kconst int[m[K’ [[01;35m[K-Wsign-compare[m[K]
  535 |             if ([01;35m[Kpts.size() >= view_num[m[K || view.visib_num_ <= visib_thresh) break;
      |                 [01;35m[K~~~~~~~~~~~^~~~~~~~~~~[m[K
[01m[K/home/xiaogu/myproject/rosNavigation_ws/src/fast_multi_robot_exploration-master/swarm_exploration/active_perception/src/frontier_finder.cpp:[m[K In member function ‘[01m[Kvoid fast_planner::FrontierFinder::getPathForTour(const Vector3d&, const std::vector<int>&, std::vector<Eigen::Matrix<double, 3, 1> >&)[m[K’:
[01m[K/home/xiaogu/myproject/rosNavigation_ws/src/fast_multi_robot_exploration-master/swarm_exploration/active_perception/src/frontier_finder.cpp:664:21:[m[K [01;35m[Kwarning: [m[Kcomparison of integer expressions of different signedness: ‘[01m[Kint[m[K’ and ‘[01m[Kstd::vector<int>::size_type[m[K’ {aka ‘[01m[Klong unsigned int[m[K’} [[01;35m[K-Wsign-compare[m[K]
  664 |   for (int i = 0; [01;35m[Ki < frontier_ids.size() - 1[m[K; ++i) {
      |                   [01;35m[K~~^~~~~~~~~~~~~~~~~~~~~~~~~[m[K
[01m[K/home/xiaogu/myproject/rosNavigation_ws/src/fast_multi_robot_exploration-master/swarm_exploration/active_perception/src/frontier_finder.cpp:[m[K In member function ‘[01m[Kint fast_planner::FrontierFinder::addFrontiers(const std::vector<std::pair<Eigen::Matrix<double, 3, 1>, double> >&)[m[K’:
[01m[K/home/xiaogu/myproject/rosNavigation_ws/src/fast_multi_robot_exploration-master/swarm_exploration/active_perception/src/frontier_finder.cpp:918:1:[m[K [01;35m[Kwarning: [m[Kno return statement in function returning non-void [[01;35m[K-Wreturn-type[m[K]
  918 | [01;35m[K}[m[K
      | [01;35m[K^[m[K
[01m[K/home/xiaogu/myproject/rosNavigation_ws/src/fast_multi_robot_exploration-master/swarm_exploration/active_perception/src/frontier_finder.cpp:[m[K In member function ‘[01m[Kvoid fast_planner::FrontierFinder::findViewpoints(const Vector3d&, const Vector3d&, std::vector<fast_planner::Viewpoint>&)[m[K’:
[01m[K/home/xiaogu/myproject/rosNavigation_ws/src/fast_multi_robot_exploration-master/swarm_exploration/active_perception/src/frontier_finder.cpp:926:10:[m[K [01;35m[Kwarning: [m[Kunused variable ‘[01m[Kleft_angle_[m[K’ [[01;35m[K-Wunused-variable[m[K]
  926 |   double [01;35m[Kleft_angle_[m[K, right_angle_, vertical_angle_, ray_length_;
      |          [01;35m[K^~~~~~~~~~~[m[K
[01m[K/home/xiaogu/myproject/rosNavigation_ws/src/fast_multi_robot_exploration-master/swarm_exploration/active_perception/src/frontier_finder.cpp:[m[K In member function ‘[01m[Kvoid fast_planner::FrontierFinder::sampleViewpoints(fast_planner::Frontier&)[m[K’:
[01m[K/home/xiaogu/myproject/rosNavigation_ws/src/fast_multi_robot_exploration-master/swarm_exploration/active_perception/src/frontier_finder.cpp:1002:25:[m[K [01;35m[Kwarning: [m[Kcomparison of integer expressions of different signedness: ‘[01m[Kint[m[K’ and ‘[01m[Kstd::vector<Eigen::Matrix<double, 3, 1> >::size_type[m[K’ {aka ‘[01m[Klong unsigned int[m[K’} [[01;35m[K-Wsign-compare[m[K]
 1002 |       for (int i = 1; [01;35m[Ki < cells.size()[m[K; ++i) {
      |                       [01;35m[K~~^~~~~~~~~~~~~~[m[K
[01m[K/home/xiaogu/myproject/rosNavigation_ws/src/fast_multi_robot_exploration-master/swarm_exploration/active_perception/src/frontier_finder.cpp:[m[K In member function ‘[01m[KEigen::Vector3i fast_planner::FrontierFinder::searchClearVoxel(const Vector3i&)[m[K’:
[01m[K/home/xiaogu/myproject/rosNavigation_ws/src/fast_multi_robot_exploration-master/swarm_exploration/active_perception/src/frontier_finder.cpp:1134:11:[m[K [01;35m[Kwarning: [m[Kunused variable ‘[01m[Kadr[m[K’ [[01;35m[K-Wunused-variable[m[K]
 1134 |       int [01;35m[Kadr[m[K = toadr(nbr);
      |           [01;35m[K^~~[m[K
[01m[K/home/xiaogu/myproject/rosNavigation_ws/src/fast_multi_robot_exploration-master/swarm_exploration/active_perception/src/hgrid.cpp:[m[K In member function ‘[01m[Kvoid fast_planner::HGrid::getConsistentGrid(const std::vector<int>&, const std::vector<int>&, std::vector<int>&, std::vector<int>&)[m[K’:
[01m[K/home/xiaogu/myproject/rosNavigation_ws/src/fast_multi_robot_exploration-master/swarm_exploration/active_perception/src/hgrid.cpp:177:21:[m[K [01;35m[Kwarning: [m[Kcomparison of integer expressions of different signedness: ‘[01m[Kint[m[K’ and ‘[01m[Kstd::vector<int>::size_type[m[K’ {aka ‘[01m[Klong unsigned int[m[K’} [[01;35m[K-Wsign-compare[m[K]
  177 |   for (int i = 1; [01;35m[Ki < last_ids.size()[m[K; ++i) {
      |                   [01;35m[K~~^~~~~~~~~~~~~~~~~[m[K
[01m[K/home/xiaogu/myproject/rosNavigation_ws/src/fast_multi_robot_exploration-master/swarm_exploration/active_perception/src/hgrid.cpp:[m[K In member function ‘[01m[Kvoid fast_planner::HGrid::getActiveGrids(std::vector<int>&)[m[K’:
[01m[K/home/xiaogu/myproject/rosNavigation_ws/src/fast_multi_robot_exploration-master/swarm_exploration/active_perception/src/hgrid.cpp:448:21:[m[K [01;35m[Kwarning: [m[Kcomparison of integer expressions of different signedness: ‘[01m[Kint[m[K’ and ‘[01m[Kstd::vector<fast_planner::GridInfo>::size_type[m[K’ {aka ‘[01m[Klong unsigned int[m[K’} [[01;35m[K-Wsign-compare[m[K]
  448 |   for (int i = 0; [01;35m[Ki < grid2_->grid_data_.size()[m[K; ++i) {
      |                   [01;35m[K~~^~~~~~~~~~~~~~~~~~~~~~~~~~~[m[K
[01m[K/home/xiaogu/myproject/rosNavigation_ws/src/fast_multi_robot_exploration-master/swarm_exploration/active_perception/src/hgrid.cpp:[m[K In member function ‘[01m[Kbool fast_planner::HGrid::getNextGrid(const std::vector<int>&, Eigen::Vector3d&, double&)[m[K’:
[01m[K/home/xiaogu/myproject/rosNavigation_ws/src/fast_multi_robot_exploration-master/swarm_exploration/active_perception/src/hgrid.cpp:470:21:[m[K [01;35m[Kwarning: [m[Kcomparison of integer expressions of different signedness: ‘[01m[Kint[m[K’ and ‘[01m[Kstd::vector<int>::size_type[m[K’ {aka ‘[01m[Klong unsigned int[m[K’} [[01;35m[K-Wsign-compare[m[K]
  470 |   for (int i = 1; [01;35m[Ki < grid_ids.size()[m[K; ++i) {
      |                   [01;35m[K~~^~~~~~~~~~~~~~~~~[m[K
[01m[K/home/xiaogu/myproject/rosNavigation_ws/src/fast_multi_robot_exploration-master/swarm_exploration/active_perception/src/hgrid.cpp:[m[K In member function ‘[01m[Kvoid fast_planner::HGrid::getGridTour(const std::vector<int>&, const Vector3d&, std::vector<Eigen::Matrix<double, 3, 1> >&, std::vector<Eigen::Matrix<double, 3, 1> >&)[m[K’:
[01m[K/home/xiaogu/myproject/rosNavigation_ws/src/fast_multi_robot_exploration-master/swarm_exploration/active_perception/src/hgrid.cpp:582:21:[m[K [01;35m[Kwarning: [m[Kcomparison of integer expressions of different signedness: ‘[01m[Kint[m[K’ and ‘[01m[Kstd::vector<Eigen::Matrix<double, 3, 1> >::size_type[m[K’ {aka ‘[01m[Klong unsigned int[m[K’} [[01;35m[K-Wsign-compare[m[K]
  582 |   for (int i = 0; [01;35m[Ki < centers.size() - 1[m[K; ++i) {
      |                   [01;35m[K~~^~~~~~~~~~~~~~~~~~~~[m[K
[01m[K/home/xiaogu/myproject/rosNavigation_ws/src/fast_multi_robot_exploration-master/swarm_exploration/active_perception/src/hgrid.cpp:[m[K In member function ‘[01m[Kvoid fast_planner::HGrid::getGridMarker2(std::vector<Eigen::Matrix<double, 3, 1> >&, std::vector<std::__cxx11::basic_string<char> >&)[m[K’:
[01m[K/home/xiaogu/myproject/rosNavigation_ws/src/fast_multi_robot_exploration-master/swarm_exploration/active_perception/src/hgrid.cpp:661:21:[m[K [01;35m[Kwarning: [m[Kcomparison of integer expressions of different signedness: ‘[01m[Kint[m[K’ and ‘[01m[Kstd::vector<fast_planner::GridInfo>::size_type[m[K’ {aka ‘[01m[Klong unsigned int[m[K’} [[01;35m[K-Wsign-compare[m[K]
  661 |   for (int i = 0; [01;35m[Ki < grid1_->grid_data_.size()[m[K; ++i) {
      |                   [01;35m[K~~^~~~~~~~~~~~~~~~~~~~~~~~~~~[m[K
[01m[K/home/xiaogu/myproject/rosNavigation_ws/src/fast_multi_robot_exploration-master/swarm_exploration/active_perception/src/hgrid.cpp:668:21:[m[K [01;35m[Kwarning: [m[Kcomparison of integer expressions of different signedness: ‘[01m[Kint[m[K’ and ‘[01m[Kstd::vector<fast_planner::GridInfo>::size_type[m[K’ {aka ‘[01m[Klong unsigned int[m[K’} [[01;35m[K-Wsign-compare[m[K]
  668 |   for (int i = 0; [01;35m[Ki < grid2_->grid_data_.size()[m[K; ++i) {
      |                   [01;35m[K~~^~~~~~~~~~~~~~~~~~~~~~~~~~~[m[K
[01m[K/home/xiaogu/myproject/rosNavigation_ws/src/fast_multi_robot_exploration-master/swarm_exploration/active_perception/src/heading_planner.cpp:[m[K In member function ‘[01m[Kvoid fast_planner::HeadingPlanner::searchPathOfYaw(const std::vector<Eigen::Matrix<double, 3, 1> >&, const std::vector<double>&, const double&, const MatrixXd&, std::vector<double>&)[m[K’:
[01m[K/home/xiaogu/myproject/rosNavigation_ws/src/fast_multi_robot_exploration-master/swarm_exploration/active_perception/src/heading_planner.cpp:178:21:[m[K [01;35m[Kwarning: [m[Kcomparison of integer expressions of different signedness: ‘[01m[Kint[m[K’ and ‘[01m[Kstd::vector<double>::size_type[m[K’ {aka ‘[01m[Klong unsigned int[m[K’} [[01;35m[K-Wsign-compare[m[K]
  178 |   for (int i = 0; [01;35m[Ki < yaws.size()[m[K; ++i) {
      |                   [01;35m[K~~^~~~~~~~~~~~~[m[K
[01m[K/home/xiaogu/myproject/rosNavigation_ws/src/fast_multi_robot_exploration-master/swarm_exploration/active_perception/src/heading_planner.cpp:181:35:[m[K [01;35m[Kwarning: [m[Kcomparison of integer expressions of different signedness: ‘[01m[Kint[m[K’ and ‘[01m[Kstd::vector<double>::size_type[m[K’ {aka ‘[01m[Klong unsigned int[m[K’} [[01;35m[K-Wsign-compare[m[K]
  181 |     bool start_end = (i == 0 || [01;35m[Ki == yaws.size() - 1[m[K);
      |                                 [01;35m[K~~^~~~~~~~~~~~~~~~~~[m[K
[01m[K/home/xiaogu/myproject/rosNavigation_ws/src/fast_multi_robot_exploration-master/swarm_exploration/active_perception/src/heading_planner.cpp:180:10:[m[K [01;35m[Kwarning: [m[Kvariable ‘[01m[Kt1[m[K’ set but not used [[01;35m[K-Wunused-but-set-variable[m[K]
  180 |     auto [01;35m[Kt1[m[K = ros::Time::now();
      |          [01;35m[K^~[m[K
[01m[K/home/xiaogu/myproject/rosNavigation_ws/src/fast_multi_robot_exploration-master/swarm_exploration/active_perception/src/heading_planner.cpp:176:19:[m[K [01;35m[Kwarning: [m[Kvariable ‘[01m[Kcur_pos[m[K’ set but not used [[01;35m[K-Wunused-but-set-variable[m[K]
  176 |   Eigen::Vector3d [01;35m[Kcur_pos[m[K = pts[0];
      |                   [01;35m[K^~~~~~~[m[K
[01m[K/home/xiaogu/myproject/rosNavigation_ws/src/fast_multi_robot_exploration-master/swarm_exploration/active_perception/src/heading_planner.cpp:223:8:[m[K [01;35m[Kwarning: [m[Kvariable ‘[01m[Kt1[m[K’ set but not used [[01;35m[K-Wunused-but-set-variable[m[K]
  223 |   auto [01;35m[Kt1[m[K = ros::Time::now();
      |        [01;35m[K^~[m[K
[01m[K/home/xiaogu/myproject/rosNavigation_ws/src/fast_multi_robot_exploration-master/swarm_exploration/active_perception/src/heading_planner.cpp:[m[K In member function ‘[01m[Kdouble fast_planner::HeadingPlanner::calcInformationGain(const Vector3d&, const double&, const MatrixXd&, const int&)[m[K’:
[01m[K/home/xiaogu/myproject/rosNavigation_ws/src/fast_multi_robot_exploration-master/swarm_exploration/active_perception/src/heading_planner.cpp:238:8:[m[K [01;35m[Kwarning: [m[Kvariable ‘[01m[Kt1[m[K’ set but not used [[01;35m[K-Wunused-but-set-variable[m[K]
  238 |   auto [01;35m[Kt1[m[K = ros::Time::now();
      |        [01;35m[K^~[m[K
[01m[K/home/xiaogu/myproject/rosNavigation_ws/src/fast_multi_robot_exploration-master/swarm_exploration/active_perception/src/heading_planner.cpp:[m[K In member function ‘[01m[Kdouble fast_planner::HeadingPlanner::calcInfoGain(const Vector3d&, const double&, const int&)[m[K’:
[01m[K/home/xiaogu/myproject/rosNavigation_ws/src/fast_multi_robot_exploration-master/swarm_exploration/active_perception/src/heading_planner.cpp:325:8:[m[K [01;35m[Kwarning: [m[Kvariable ‘[01m[Kt1[m[K’ set but not used [[01;35m[K-Wunused-but-set-variable[m[K]
  325 |   auto [01;35m[Kt1[m[K = ros::Time::now();
      |        [01;35m[K^~[m[K
[01m[K/home/xiaogu/myproject/rosNavigation_ws/src/fast_multi_robot_exploration-master/swarm_exploration/active_perception/src/heading_planner.cpp:[m[K In member function ‘[01m[Kvoid fast_planner::HeadingPlanner::calcVisibFrontier(const Vector3d&, const double&, std::unordered_map<int, int>&)[m[K’:
[01m[K/home/xiaogu/myproject/rosNavigation_ws/src/fast_multi_robot_exploration-master/swarm_exploration/active_perception/src/heading_planner.cpp:514:8:[m[K [01;35m[Kwarning: [m[Kvariable ‘[01m[Kt1[m[K’ set but not used [[01;35m[K-Wunused-but-set-variable[m[K]
  514 |   auto [01;35m[Kt1[m[K = ros::Time::now();
      |        [01;35m[K^~[m[K
[01m[K/home/xiaogu/myproject/rosNavigation_ws/src/fast_multi_robot_exploration-master/swarm_exploration/active_perception/src/heading_planner.cpp:[m[K In member function ‘[01m[Kbool fast_planner::HeadingPlanner::insideFoV(const Vector4d&)[m[K’:
[01m[K/home/xiaogu/myproject/rosNavigation_ws/src/fast_multi_robot_exploration-master/swarm_exploration/active_perception/src/heading_planner.cpp:620:9:[m[K [01;35m[Kwarning: [m[K‘[01m[K*((void*)& pc +16)[m[K’ is used uninitialized in this function [[01;35m[K-Wuninitialized[m[K]
  620 |   if ([01;35m[Kpc(2)[m[K < near_ || pc(2) > far_) {
      |       [01;35m[K~~^~~[m[K
[01m[K/home/xiaogu/myproject/rosNavigation_ws/src/fast_multi_robot_exploration-master/swarm_exploration/active_perception/src/heading_planner.cpp:624:18:[m[K [01;35m[Kwarning: [m[K‘[01m[Kpc[m[K’ may be used uninitialized in this function [[01;35m[K-Wmaybe-uninitialized[m[K]
  624 |   double txz = [01;35m[Kpc(0)[m[K / pc(2);
      |                [01;35m[K~~^~~[m[K
[01m[K/home/xiaogu/myproject/rosNavigation_ws/src/fast_multi_robot_exploration-master/swarm_exploration/active_perception/src/heading_planner.cpp:629:18:[m[K [01;35m[Kwarning: [m[K‘[01m[K*((void*)& pc +8)[m[K’ may be used uninitialized in this function [[01;35m[K-Wmaybe-uninitialized[m[K]
  629 |   double tyz = [01;35m[Kpc(1)[m[K / pc(2);
      |                [01;35m[K~~^~~[m[K
[01m[K/home/xiaogu/myproject/rosNavigation_ws/src/fast_multi_robot_exploration-master/swarm_exploration/active_perception/src/frontier_finder.cpp:[m[K In member function ‘[01m[Kvoid fast_planner::FrontierFinder::findViewpoints(const Vector3d&, const Vector3d&, std::vector<fast_planner::Viewpoint>&)[m[K’:
[01m[K/home/xiaogu/myproject/rosNavigation_ws/src/fast_multi_robot_exploration-master/swarm_exploration/active_perception/src/frontier_finder.cpp:937:17:[m[K [01;35m[Kwarning: [m[K‘[01m[Kvertical_angle_[m[K’ may be used uninitialized in this function [[01;35m[K-Wmaybe-uninitialized[m[K]
  937 |     for (double [01;35m[Kphi_v[m[K = -vertical_angle_; phi_v <= vertical_angle_; phi_v += vertical_angle_ / 3) {
      |                 [01;35m[K^~~~~[m[K
[01m[K/home/xiaogu/myproject/rosNavigation_ws/src/fast_multi_robot_exploration-master/swarm_exploration/active_perception/src/frontier_finder.cpp:940:40:[m[K [01;35m[Kwarning: [m[K‘[01m[Kray_length_[m[K’ may be used uninitialized in this function [[01;35m[K-Wmaybe-uninitialized[m[K]
  940 |       end[0] = sample[0] + [01;35m[Kray_length_ * cos(phi_v)[m[K * cos(hc + phi_h);
      |                            [01;35m[K~~~~~~~~~~~~^~~~~~~~~~~~[m[K
[01m[K/home/xiaogu/myproject/rosNavigation_ws/src/fast_multi_robot_exploration-master/swarm_exploration/active_perception/src/frontier_finder.cpp:962:47:[m[K [01;35m[Kwarning: [m[K‘[01m[Kright_angle_[m[K’ may be used uninitialized in this function [[01;35m[K-Wmaybe-uninitialized[m[K]
  962 |     double yaw = [01;35m[Khc - M_PI_2 + M_PI / 9.0 * i + right_angle_[m[K;
      |                  [01;35m[K~~~~~~~~~~~~~~~~~~~~~~~~~~~~~^~~~~~~~~~~~~~[m[K
