Linked: (/home/xiaogu/myproject/rosNavigation_ws/devel/.private/exploration_manager/share/roseus/ros/exploration_manager/manifest.l, /home/xiaogu/myproject/rosNavigation_ws/devel/share/roseus/ros/exploration_manager/manifest.l)
Linked: (/home/xiaogu/myproject/rosNavigation_ws/devel/.private/exploration_manager/share/roseus/ros/exploration_manager/msg/HGrid.l, /home/xiaogu/myproject/rosNavigation_ws/devel/share/roseus/ros/exploration_manager/msg/HGrid.l)
Linked: (/home/xiaogu/myproject/rosNavigation_ws/devel/.private/exploration_manager/share/roseus/ros/exploration_manager/msg/DroneState.l, /home/xiaogu/myproject/rosNavigation_ws/devel/share/roseus/ros/exploration_manager/msg/DroneState.l)
Linked: (/home/xiaogu/myproject/rosNavigation_ws/devel/.private/exploration_manager/share/roseus/ros/exploration_manager/msg/PairOpt.l, /home/xiaogu/myproject/rosNavigation_ws/devel/share/roseus/ros/exploration_manager/msg/PairOpt.l)
Linked: (/home/xiaogu/myproject/rosNavigation_ws/devel/.private/exploration_manager/share/roseus/ros/exploration_manager/msg/PairOptResponse.l, /home/xiaogu/myproject/rosNavigation_ws/devel/share/roseus/ros/exploration_manager/msg/PairOptResponse.l)
Linked: (/home/xiaogu/myproject/rosNavigation_ws/devel/.private/exploration_manager/share/roseus/ros/exploration_manager/msg/GridTour.l, /home/xiaogu/myproject/rosNavigation_ws/devel/share/roseus/ros/exploration_manager/msg/GridTour.l)
Linked: (/home/xiaogu/myproject/rosNavigation_ws/devel/.private/exploration_manager/share/exploration_manager/cmake/exploration_managerConfig.cmake, /home/xiaogu/myproject/rosNavigation_ws/devel/share/exploration_manager/cmake/exploration_managerConfig.cmake)
Linked: (/home/xiaogu/myproject/rosNavigation_ws/devel/.private/exploration_manager/share/exploration_manager/cmake/exploration_managerConfig-version.cmake, /home/xiaogu/myproject/rosNavigation_ws/devel/share/exploration_manager/cmake/exploration_managerConfig-version.cmake)
Linked: (/home/xiaogu/myproject/rosNavigation_ws/devel/.private/exploration_manager/share/exploration_manager/cmake/exploration_manager-msg-extras.cmake, /home/xiaogu/myproject/rosNavigation_ws/devel/share/exploration_manager/cmake/exploration_manager-msg-extras.cmake)
Linked: (/home/xiaogu/myproject/rosNavigation_ws/devel/.private/exploration_manager/share/exploration_manager/cmake/exploration_manager-msg-paths.cmake, /home/xiaogu/myproject/rosNavigation_ws/devel/share/exploration_manager/cmake/exploration_manager-msg-paths.cmake)
Linked: (/home/xiaogu/myproject/rosNavigation_ws/devel/.private/exploration_manager/share/common-lisp/ros/exploration_manager/msg/_package_GridTour.lisp, /home/xiaogu/myproject/rosNavigation_ws/devel/share/common-lisp/ros/exploration_manager/msg/_package_GridTour.lisp)
Linked: (/home/xiaogu/myproject/rosNavigation_ws/devel/.private/exploration_manager/share/common-lisp/ros/exploration_manager/msg/PairOpt.lisp, /home/xiaogu/myproject/rosNavigation_ws/devel/share/common-lisp/ros/exploration_manager/msg/PairOpt.lisp)
Linked: (/home/xiaogu/myproject/rosNavigation_ws/devel/.private/exploration_manager/share/common-lisp/ros/exploration_manager/msg/_package_PairOpt.lisp, /home/xiaogu/myproject/rosNavigation_ws/devel/share/common-lisp/ros/exploration_manager/msg/_package_PairOpt.lisp)
Linked: (/home/xiaogu/myproject/rosNavigation_ws/devel/.private/exploration_manager/share/common-lisp/ros/exploration_manager/msg/GridTour.lisp, /home/xiaogu/myproject/rosNavigation_ws/devel/share/common-lisp/ros/exploration_manager/msg/GridTour.lisp)
Linked: (/home/xiaogu/myproject/rosNavigation_ws/devel/.private/exploration_manager/share/common-lisp/ros/exploration_manager/msg/_package_PairOptResponse.lisp, /home/xiaogu/myproject/rosNavigation_ws/devel/share/common-lisp/ros/exploration_manager/msg/_package_PairOptResponse.lisp)
Linked: (/home/xiaogu/myproject/rosNavigation_ws/devel/.private/exploration_manager/share/common-lisp/ros/exploration_manager/msg/_package_HGrid.lisp, /home/xiaogu/myproject/rosNavigation_ws/devel/share/common-lisp/ros/exploration_manager/msg/_package_HGrid.lisp)
Linked: (/home/xiaogu/myproject/rosNavigation_ws/devel/.private/exploration_manager/share/common-lisp/ros/exploration_manager/msg/exploration_manager-msg.asd, /home/xiaogu/myproject/rosNavigation_ws/devel/share/common-lisp/ros/exploration_manager/msg/exploration_manager-msg.asd)
Linked: (/home/xiaogu/myproject/rosNavigation_ws/devel/.private/exploration_manager/share/common-lisp/ros/exploration_manager/msg/DroneState.lisp, /home/xiaogu/myproject/rosNavigation_ws/devel/share/common-lisp/ros/exploration_manager/msg/DroneState.lisp)
Linked: (/home/xiaogu/myproject/rosNavigation_ws/devel/.private/exploration_manager/share/common-lisp/ros/exploration_manager/msg/_package_DroneState.lisp, /home/xiaogu/myproject/rosNavigation_ws/devel/share/common-lisp/ros/exploration_manager/msg/_package_DroneState.lisp)
Linked: (/home/xiaogu/myproject/rosNavigation_ws/devel/.private/exploration_manager/share/common-lisp/ros/exploration_manager/msg/_package.lisp, /home/xiaogu/myproject/rosNavigation_ws/devel/share/common-lisp/ros/exploration_manager/msg/_package.lisp)
Linked: (/home/xiaogu/myproject/rosNavigation_ws/devel/.private/exploration_manager/share/common-lisp/ros/exploration_manager/msg/PairOptResponse.lisp, /home/xiaogu/myproject/rosNavigation_ws/devel/share/common-lisp/ros/exploration_manager/msg/PairOptResponse.lisp)
Linked: (/home/xiaogu/myproject/rosNavigation_ws/devel/.private/exploration_manager/share/common-lisp/ros/exploration_manager/msg/HGrid.lisp, /home/xiaogu/myproject/rosNavigation_ws/devel/share/common-lisp/ros/exploration_manager/msg/HGrid.lisp)
Linked: (/home/xiaogu/myproject/rosNavigation_ws/devel/.private/exploration_manager/share/gennodejs/ros/exploration_manager/_index.js, /home/xiaogu/myproject/rosNavigation_ws/devel/share/gennodejs/ros/exploration_manager/_index.js)
Linked: (/home/xiaogu/myproject/rosNavigation_ws/devel/.private/exploration_manager/share/gennodejs/ros/exploration_manager/msg/DroneState.js, /home/xiaogu/myproject/rosNavigation_ws/devel/share/gennodejs/ros/exploration_manager/msg/DroneState.js)
Linked: (/home/xiaogu/myproject/rosNavigation_ws/devel/.private/exploration_manager/share/gennodejs/ros/exploration_manager/msg/HGrid.js, /home/xiaogu/myproject/rosNavigation_ws/devel/share/gennodejs/ros/exploration_manager/msg/HGrid.js)
Linked: (/home/xiaogu/myproject/rosNavigation_ws/devel/.private/exploration_manager/share/gennodejs/ros/exploration_manager/msg/GridTour.js, /home/xiaogu/myproject/rosNavigation_ws/devel/share/gennodejs/ros/exploration_manager/msg/GridTour.js)
Linked: (/home/xiaogu/myproject/rosNavigation_ws/devel/.private/exploration_manager/share/gennodejs/ros/exploration_manager/msg/PairOpt.js, /home/xiaogu/myproject/rosNavigation_ws/devel/share/gennodejs/ros/exploration_manager/msg/PairOpt.js)
Linked: (/home/xiaogu/myproject/rosNavigation_ws/devel/.private/exploration_manager/share/gennodejs/ros/exploration_manager/msg/PairOptResponse.js, /home/xiaogu/myproject/rosNavigation_ws/devel/share/gennodejs/ros/exploration_manager/msg/PairOptResponse.js)
Linked: (/home/xiaogu/myproject/rosNavigation_ws/devel/.private/exploration_manager/share/gennodejs/ros/exploration_manager/msg/_index.js, /home/xiaogu/myproject/rosNavigation_ws/devel/share/gennodejs/ros/exploration_manager/msg/_index.js)
Linked: (/home/xiaogu/myproject/rosNavigation_ws/devel/.private/exploration_manager/include/exploration_manager/HGrid.h, /home/xiaogu/myproject/rosNavigation_ws/devel/include/exploration_manager/HGrid.h)
Linked: (/home/xiaogu/myproject/rosNavigation_ws/devel/.private/exploration_manager/include/exploration_manager/GridTour.h, /home/xiaogu/myproject/rosNavigation_ws/devel/include/exploration_manager/GridTour.h)
Linked: (/home/xiaogu/myproject/rosNavigation_ws/devel/.private/exploration_manager/include/exploration_manager/PairOptResponse.h, /home/xiaogu/myproject/rosNavigation_ws/devel/include/exploration_manager/PairOptResponse.h)
Linked: (/home/xiaogu/myproject/rosNavigation_ws/devel/.private/exploration_manager/include/exploration_manager/PairOpt.h, /home/xiaogu/myproject/rosNavigation_ws/devel/include/exploration_manager/PairOpt.h)
Linked: (/home/xiaogu/myproject/rosNavigation_ws/devel/.private/exploration_manager/include/exploration_manager/DroneState.h, /home/xiaogu/myproject/rosNavigation_ws/devel/include/exploration_manager/DroneState.h)
Linked: (/home/xiaogu/myproject/rosNavigation_ws/devel/.private/exploration_manager/lib/python3/dist-packages/exploration_manager/__init__.py, /home/xiaogu/myproject/rosNavigation_ws/devel/lib/python3/dist-packages/exploration_manager/__init__.py)
Linked: (/home/xiaogu/myproject/rosNavigation_ws/devel/.private/exploration_manager/lib/python3/dist-packages/exploration_manager/msg/__init__.py, /home/xiaogu/myproject/rosNavigation_ws/devel/lib/python3/dist-packages/exploration_manager/msg/__init__.py)
Linked: (/home/xiaogu/myproject/rosNavigation_ws/devel/.private/exploration_manager/lib/python3/dist-packages/exploration_manager/msg/_GridTour.py, /home/xiaogu/myproject/rosNavigation_ws/devel/lib/python3/dist-packages/exploration_manager/msg/_GridTour.py)
Linked: (/home/xiaogu/myproject/rosNavigation_ws/devel/.private/exploration_manager/lib/python3/dist-packages/exploration_manager/msg/_PairOptResponse.py, /home/xiaogu/myproject/rosNavigation_ws/devel/lib/python3/dist-packages/exploration_manager/msg/_PairOptResponse.py)
Linked: (/home/xiaogu/myproject/rosNavigation_ws/devel/.private/exploration_manager/lib/python3/dist-packages/exploration_manager/msg/_DroneState.py, /home/xiaogu/myproject/rosNavigation_ws/devel/lib/python3/dist-packages/exploration_manager/msg/_DroneState.py)
Linked: (/home/xiaogu/myproject/rosNavigation_ws/devel/.private/exploration_manager/lib/python3/dist-packages/exploration_manager/msg/_PairOpt.py, /home/xiaogu/myproject/rosNavigation_ws/devel/lib/python3/dist-packages/exploration_manager/msg/_PairOpt.py)
Linked: (/home/xiaogu/myproject/rosNavigation_ws/devel/.private/exploration_manager/lib/python3/dist-packages/exploration_manager/msg/_HGrid.py, /home/xiaogu/myproject/rosNavigation_ws/devel/lib/python3/dist-packages/exploration_manager/msg/_HGrid.py)
Linked: (/home/xiaogu/myproject/rosNavigation_ws/devel/.private/exploration_manager/lib/exploration_manager/fame_node, /home/xiaogu/myproject/rosNavigation_ws/devel/lib/exploration_manager/fame_node)
Linked: (/home/xiaogu/myproject/rosNavigation_ws/devel/.private/exploration_manager/lib/exploration_manager/exploration_node, /home/xiaogu/myproject/rosNavigation_ws/devel/lib/exploration_manager/exploration_node)
Linked: (/home/xiaogu/myproject/rosNavigation_ws/devel/.private/exploration_manager/lib/pkgconfig/exploration_manager.pc, /home/xiaogu/myproject/rosNavigation_ws/devel/lib/pkgconfig/exploration_manager.pc)
