[01m[K/home/xiaogu/myproject/rosNavigation_ws/src/fast_multi_robot_exploration-master/swarm_exploration/bspline_opt/src/bspline_optimizer.cpp:[m[K In member function ‘[01m[Kvoid fast_planner::BsplineOptimizer::optimize()[m[K’:
[01m[K/home/xiaogu/myproject/rosNavigation_ws/src/fast_multi_robot_exploration-master/swarm_exploration/bspline_opt/src/bspline_optimizer.cpp:224:19:[m[K [01;35m[Kwarning: [m[Kunused variable ‘[01m[Kresult[m[K’ [[01;35m[K-Wunused-variable[m[K]
  224 |     nlopt::result [01;35m[Kresult[m[K = opt.optimize(q, final_cost);
      |                   [01;35m[K^~~~~~[m[K
[01m[K/home/xiaogu/myproject/rosNavigation_ws/src/fast_multi_robot_exploration-master/swarm_exploration/bspline_opt/src/bspline_optimizer.cpp:221:8:[m[K [01;35m[Kwarning: [m[Kvariable ‘[01m[Kt1[m[K’ set but not used [[01;35m[K-Wunused-but-set-variable[m[K]
  221 |   auto [01;35m[Kt1[m[K = ros::Time::now();
      |        [01;35m[K^~[m[K
[01m[K/home/xiaogu/myproject/rosNavigation_ws/src/fast_multi_robot_exploration-master/swarm_exploration/bspline_opt/src/bspline_optimizer.cpp:[m[K In member function ‘[01m[Kvoid fast_planner::BsplineOptimizer::calcSmoothnessCost(const std::vector<Eigen::Matrix<double, 3, 1> >&, const double&, double&, std::vector<Eigen::Matrix<double, 3, 1> >&, double&)[m[K’:
[01m[K/home/xiaogu/myproject/rosNavigation_ws/src/fast_multi_robot_exploration-master/swarm_exploration/bspline_opt/src/bspline_optimizer.cpp:258:21:[m[K [01;35m[Kwarning: [m[Kcomparison of integer expressions of different signedness: ‘[01m[Kint[m[K’ and ‘[01m[Kstd::vector<Eigen::Matrix<double, 3, 1> >::size_type[m[K’ {aka ‘[01m[Klong unsigned int[m[K’} [[01;35m[K-Wsign-compare[m[K]
  258 |   for (int i = 0; [01;35m[Ki < q.size() - 3[m[K; i++) {
      |                   [01;35m[K~~^~~~~~~~~~~~~~[m[K
[01m[K/home/xiaogu/myproject/rosNavigation_ws/src/fast_multi_robot_exploration-master/swarm_exploration/bspline_opt/src/bspline_optimizer.cpp:[m[K In member function ‘[01m[Kvoid fast_planner::BsplineOptimizer::calcDistanceCost(const std::vector<Eigen::Matrix<double, 3, 1> >&, double&, std::vector<Eigen::Matrix<double, 3, 1> >&)[m[K’:
[01m[K/home/xiaogu/myproject/rosNavigation_ws/src/fast_multi_robot_exploration-master/swarm_exploration/bspline_opt/src/bspline_optimizer.cpp:287:21:[m[K [01;35m[Kwarning: [m[Kcomparison of integer expressions of different signedness: ‘[01m[Kint[m[K’ and ‘[01m[Kstd::vector<Eigen::Matrix<double, 3, 1> >::size_type[m[K’ {aka ‘[01m[Klong unsigned int[m[K’} [[01;35m[K-Wsign-compare[m[K]
  287 |   for (int i = 0; [01;35m[Ki < q.size()[m[K; i++) {
      |                   [01;35m[K~~^~~~~~~~~~[m[K
[01m[K/home/xiaogu/myproject/rosNavigation_ws/src/fast_multi_robot_exploration-master/swarm_exploration/bspline_opt/src/bspline_optimizer.cpp:[m[K In member function ‘[01m[Kvoid fast_planner::BsplineOptimizer::calcFeasibilityCost(const std::vector<Eigen::Matrix<double, 3, 1> >&, const double&, double&, std::vector<Eigen::Matrix<double, 3, 1> >&, double&)[m[K’:
[01m[K/home/xiaogu/myproject/rosNavigation_ws/src/fast_multi_robot_exploration-master/swarm_exploration/bspline_opt/src/bspline_optimizer.cpp:314:21:[m[K [01;35m[Kwarning: [m[Kcomparison of integer expressions of different signedness: ‘[01m[Kint[m[K’ and ‘[01m[Kstd::vector<Eigen::Matrix<double, 3, 1> >::size_type[m[K’ {aka ‘[01m[Klong unsigned int[m[K’} [[01;35m[K-Wsign-compare[m[K]
  314 |   for (int i = 0; [01;35m[Ki < q.size() - 1[m[K; ++i) {
      |                   [01;35m[K~~^~~~~~~~~~~~~~[m[K
[01m[K/home/xiaogu/myproject/rosNavigation_ws/src/fast_multi_robot_exploration-master/swarm_exploration/bspline_opt/src/bspline_optimizer.cpp:332:21:[m[K [01;35m[Kwarning: [m[Kcomparison of integer expressions of different signedness: ‘[01m[Kint[m[K’ and ‘[01m[Kstd::vector<Eigen::Matrix<double, 3, 1> >::size_type[m[K’ {aka ‘[01m[Klong unsigned int[m[K’} [[01;35m[K-Wsign-compare[m[K]
  332 |   for (int i = 0; [01;35m[Ki < q.size() - 2[m[K; ++i) {
      |                   [01;35m[K~~^~~~~~~~~~~~~~[m[K
[01m[K/home/xiaogu/myproject/rosNavigation_ws/src/fast_multi_robot_exploration-master/swarm_exploration/bspline_opt/src/bspline_optimizer.cpp:[m[K In member function ‘[01m[Kvoid fast_planner::BsplineOptimizer::calcEndCost(const std::vector<Eigen::Matrix<double, 3, 1> >&, const double&, double&, std::vector<Eigen::Matrix<double, 3, 1> >&, double&)[m[K’:
[01m[K/home/xiaogu/myproject/rosNavigation_ws/src/fast_multi_robot_exploration-master/swarm_exploration/bspline_opt/src/bspline_optimizer.cpp:391:32:[m[K [01;35m[Kwarning: [m[Kcomparison of integer expressions of different signedness: ‘[01m[Kint[m[K’ and ‘[01m[Kstd::vector<Eigen::Matrix<double, 3, 1> >::size_type[m[K’ {aka ‘[01m[Klong unsigned int[m[K’} [[01;35m[K-Wsign-compare[m[K]
  391 |   for (int i = q.size() - 3; [01;35m[Ki < q.size()[m[K; ++i) gradient_q[i] = zero;
      |                              [01;35m[K~~^~~~~~~~~~[m[K
[01m[K/home/xiaogu/myproject/rosNavigation_ws/src/fast_multi_robot_exploration-master/swarm_exploration/bspline_opt/src/bspline_optimizer.cpp:[m[K In member function ‘[01m[Kvoid fast_planner::BsplineOptimizer::calcWaypointsCost(const std::vector<Eigen::Matrix<double, 3, 1> >&, double&, std::vector<Eigen::Matrix<double, 3, 1> >&)[m[K’:
[01m[K/home/xiaogu/myproject/rosNavigation_ws/src/fast_multi_robot_exploration-master/swarm_exploration/bspline_opt/src/bspline_optimizer.cpp:434:21:[m[K [01;35m[Kwarning: [m[Kcomparison of integer expressions of different signedness: ‘[01m[Kint[m[K’ and ‘[01m[Kstd::vector<Eigen::Matrix<double, 3, 1> >::size_type[m[K’ {aka ‘[01m[Klong unsigned int[m[K’} [[01;35m[K-Wsign-compare[m[K]
  434 |   for (int i = 0; [01;35m[Ki < waypoints_.size()[m[K; ++i) {
      |                   [01;35m[K~~^~~~~~~~~~~~~~~~~~~[m[K
[01m[K/home/xiaogu/myproject/rosNavigation_ws/src/fast_multi_robot_exploration-master/swarm_exploration/bspline_opt/src/bspline_optimizer.cpp:[m[K In member function ‘[01m[Kvoid fast_planner::BsplineOptimizer::calcViewCost(const std::vector<Eigen::Matrix<double, 3, 1> >&, double&, std::vector<Eigen::Matrix<double, 3, 1> >&)[m[K’:
[01m[K/home/xiaogu/myproject/rosNavigation_ws/src/fast_multi_robot_exploration-master/swarm_exploration/bspline_opt/src/bspline_optimizer.cpp:484:10:[m[K [01;35m[Kwarning: [m[Kunused variable ‘[01m[Knorm_dn[m[K’ [[01;35m[K-Wunused-variable[m[K]
  484 |   double [01;35m[Knorm_dn[m[K = dn.norm();
      |          [01;35m[K^~~~~~~[m[K
